
TOP SOURCE: user_project_wrapper
SOURCE FILE(S): /opt/pdks/sky130A/libs.ref/sky130_fd_sc_hd/spice/sky130_ef_sc_hd__decap_12.spice
 /opt/pdks/sky130A/libs.ref/sky130_fd_sc_hd/spice/sky130_ef_sc_hd__decap_20_12.spice
 /opt/pdks/sky130A/libs.ref/sky130_fd_sc_hd/spice/sky130_ef_sc_hd__decap_40_12.spice
 /opt/pdks/sky130A/libs.ref/sky130_fd_sc_hd/spice/sky130_ef_sc_hd__decap_60_12.spice
 /opt/pdks/sky130A/libs.ref/sky130_fd_sc_hd/spice/sky130_ef_sc_hd__decap_80_12.spice
 /opt/pdks/sky130A/libs.ref/sky130_fd_sc_hd/spice/sky130_fd_sc_hd.spice
 /tmp/tmp2h04zu9g/repo/verilog/gl/senseedge_top.v
 /tmp/tmp2h04zu9g/repo/verilog/gl/user_project_wrapper.v
TOP LAYOUT: user_project_wrapper
LAYOUT FILE: /tmp/tmp2h04zu9g/repo/gds/user_project_wrapper.gds
EXTRACT_FLATGLOB: 
EXTRACT_ABSTRACT: *__fill_*
 *__fakediode_*
 *__tapvpwrvgnd_*
LVS_FLATTEN: 
LVS_NOFLATTEN: 
LVS_IGNORE: 
WORK_ROOT   : /tmp/tmp2h04zu9g/repo/precheck_results/25_APR_2026___14_23_49/tmp
LOG_ROOT    : /tmp/tmp2h04zu9g/repo/precheck_results/25_APR_2026___14_23_49/logs
SIGNOFF_ROOT: /tmp/tmp2h04zu9g/repo/precheck_results/25_APR_2026___14_23_49/outputs/reports
 
Running hierarchical comparison between verilog and layout...
Creating /tmp/tmp2h04zu9g/repo/precheck_results/25_APR_2026___14_23_49/tmp/verilog.cells from the following files...
	/tmp/tmp2h04zu9g/repo/verilog/gl/senseedge_top.v
	/tmp/tmp2h04zu9g/repo/verilog/gl/user_project_wrapper.v
[INFO] Changing from /tmp/tmp2h04zu9g/repo/gds/user_project_wrapper.gds
	to /tmp/tmp2h04zu9g/repo/precheck_results/25_APR_2026___14_23_49/tmp/layout.txt
ERROR: /tmp/tmp2h04zu9g/repo/precheck_results/25_APR_2026___14_23_49/tmp/gds2txt.py:15: RuntimeError: Stream has unknown format: /tmp/tmp2h04zu9g/repo/gds/user_project_wrapper.gds in Layout.read
  /tmp/tmp2h04zu9g/repo/precheck_results/25_APR_2026___14_23_49/tmp/gds2txt.py:15 (class RuntimeError)
gzip: /tmp/tmp2h04zu9g/repo/precheck_results/25_APR_2026___14_23_49/tmp/layout.txt: No such file or directory
gzip: /tmp/tmp2h04zu9g/repo/precheck_results/25_APR_2026___14_23_49/tmp/layout.txt.gz: No such file or directory
gzip: /tmp/tmp2h04zu9g/repo/precheck_results/25_APR_2026___14_23_49/tmp/layout.txt.gz: No such file or directory
Hierarchy check for user_project_wrapper failed. See /tmp/tmp2h04zu9g/repo/precheck_results/25_APR_2026___14_23_49/tmp/hier.csv
 
Running LVS...
TOP SOURCE: user_project_wrapper
SOURCE FILE(S): /opt/pdks/sky130A/libs.ref/sky130_fd_sc_hd/spice/sky130_ef_sc_hd__decap_12.spice
 /opt/pdks/sky130A/libs.ref/sky130_fd_sc_hd/spice/sky130_ef_sc_hd__decap_20_12.spice
 /opt/pdks/sky130A/libs.ref/sky130_fd_sc_hd/spice/sky130_ef_sc_hd__decap_40_12.spice
 /opt/pdks/sky130A/libs.ref/sky130_fd_sc_hd/spice/sky130_ef_sc_hd__decap_60_12.spice
 /opt/pdks/sky130A/libs.ref/sky130_fd_sc_hd/spice/sky130_ef_sc_hd__decap_80_12.spice
 /opt/pdks/sky130A/libs.ref/sky130_fd_sc_hd/spice/sky130_fd_sc_hd.spice
 /tmp/tmp2h04zu9g/repo/verilog/gl/senseedge_top.v
 /tmp/tmp2h04zu9g/repo/verilog/gl/user_project_wrapper.v
TOP LAYOUT: user_project_wrapper
LAYOUT FILE: /tmp/tmp2h04zu9g/repo/gds/user_project_wrapper.gds
EXTRACT_FLATGLOB: 
EXTRACT_ABSTRACT: *__fill_*
 *__fakediode_*
 *__tapvpwrvgnd_*
LVS_FLATTEN: 
LVS_NOFLATTEN: 
LVS_IGNORE: 
WORK_ROOT   : /tmp/tmp2h04zu9g/repo/precheck_results/25_APR_2026___14_23_49/tmp
LOG_ROOT    : /tmp/tmp2h04zu9g/repo/precheck_results/25_APR_2026___14_23_49/logs
SIGNOFF_ROOT: /tmp/tmp2h04zu9g/repo/precheck_results/25_APR_2026___14_23_49/outputs/reports
 
Running extract...
TOP LAYOUT: user_project_wrapper
LAYOUT FILE: /tmp/tmp2h04zu9g/repo/gds/user_project_wrapper.gds
EXTRACT_FLATGLOB: 
EXTRACT_ABSTRACT: *__fill_*
 *__fakediode_*
 *__tapvpwrvgnd_*
WORK_ROOT   : /tmp/tmp2h04zu9g/repo/precheck_results/25_APR_2026___14_23_49/tmp
LOG_ROOT    : /tmp/tmp2h04zu9g/repo/precheck_results/25_APR_2026___14_23_49/logs
SIGNOFF_ROOT: /tmp/tmp2h04zu9g/repo/precheck_results/25_APR_2026___14_23_49/outputs/reports
LOG FILE: /tmp/tmp2h04zu9g/repo/precheck_results/25_APR_2026___14_23_49/logs/ext.log
Adding subcutout style to tech file.
/opt/pdks/sky130A/libs.tech/magic/sky130A.tech: version 1.0.493
Extracting to /tmp/tmp2h04zu9g/repo/precheck_results/25_APR_2026___14_23_49/tmp/ext
 

Magic 8.3 revision 471 - Compiled on Wed Apr 22 16:23:58 UTC 2026.
Starting magic under Tcl interpreter
Using the terminal as the console.
Using NULL graphics device.
Processing system .magicrc file
Sourcing design magicrc.well for technology sky130A ...
2 Magic internal units = 1 Lambda
Loading tech file /tmp/tmp2h04zu9g/repo/precheck_results/25_APR_2026___14_23_49/tmp/sky130A.tech
Input style sky130(): scaleFactor=2, multiplier=2
The following types are not handled by extraction and will be treated as non-electrical types:
    ubm 
Scaled tech values by 2 / 1 to match internal grid scaling
Loading "/tmp/tmp2h04zu9g/repo/precheck_results/25_APR_2026___14_23_49/tmp/ext/abstract.tcl" from command line.
Abstracting
CIF input style is now "sky130()"
Abstracting /tmp/tmp2h04zu9g/repo/gds/user_project_wrapper.gds
Warning: Calma reading is not undoable!  I hope that's OK.
Error while reading cell "(UNNAMED)" (byte position 4): Unexpected record type in input: 
    Expected HEADER record but got 114.
freeMagic called with NULL argument.

TIME: read GDS: 00:00:00 


TIME: create subcut: 00:00:00 


TIME: create abstract: 00:00:00 

Using technology "sky130A", version 1.0.493

Magic 8.3 revision 471 - Compiled on Wed Apr 22 16:23:58 UTC 2026.
Starting magic under Tcl interpreter
Using the terminal as the console.
Using NULL graphics device.
Processing system .magicrc file
Sourcing design magicrc.well for technology sky130A ...
2 Magic internal units = 1 Lambda
Loading tech file /tmp/tmp2h04zu9g/repo/precheck_results/25_APR_2026___14_23_49/tmp/sky130A.tech
Input style sky130(): scaleFactor=2, multiplier=2
The following types are not handled by extraction and will be treated as non-electrical types:
    ubm 
Scaled tech values by 2 / 1 to match internal grid scaling
Loading "/tmp/tmp2h04zu9g/repo/precheck_results/25_APR_2026___14_23_49/tmp/ext/extract.tcl" from command line.
Extracting with top ports unique (digital)
CIF input style is now "sky130()"
Flattening 

Extracting /tmp/tmp2h04zu9g/repo/gds/user_project_wrapper.gds
Warning: Calma reading is not undoable!  I hope that's OK.
Error while reading cell "(UNNAMED)" (byte position 4): Unexpected record type in input: 
    Expected HEADER record but got 114.
freeMagic called with NULL argument.

TIME: read GDS: 00:00:00 


TIME: add subcut: 00:00:00 


TIME: set abstract: 00:00:00 

Cell user_project_wrapper couldn't be read
No such file or directory
Creating new cell
The following types are not handled by extraction and will be treated as non-electrical types:
    ubm 
Extraction style is now "ngspice()"

TIME: extract: 00:00:00 


TIME: netlist: 00:00:00 

Using technology "sky130A", version 1.0.493
Creating layout hierarchy in /tmp/tmp2h04zu9g/repo/precheck_results/25_APR_2026___14_23_49/tmp/ext/user_project_wrapper.hier...
awk: /usr/local/lib/python3.9/site-packages/cf_precheck/be_checks/scripts/ext.hier.awk:2: fatal: cannot open file `/tmp/tmp2h04zu9g/repo/precheck_results/25_APR_2026___14_23_49/tmp/ext/*.ext' for reading: No such file or directory

Error: extraction did not complete successfully

Error: extraction did not complete successfully
DESIGN NAME: user_project_wrapper
WORK_ROOT   : /tmp/tmp2h04zu9g/repo/precheck_results/25_APR_2026___14_23_49/tmp
LOG_ROOT    : /tmp/tmp2h04zu9g/repo/precheck_results/25_APR_2026___14_23_49/logs
SIGNOFF_ROOT: /tmp/tmp2h04zu9g/repo/precheck_results/25_APR_2026___14_23_49/outputs/reports
 
Running CVC...
Could not create cdl file from /tmp/tmp2h04zu9g/repo/precheck_results/25_APR_2026___14_23_49/outputs/reports/user_project_wrapper.gds.spice.gz

LVS result:
tail: cannot open '/tmp/tmp2h04zu9g/repo/precheck_results/25_APR_2026___14_23_49/logs/lvs.log' for reading: No such file or directory
LVS problem: check the following files
/tmp/tmp2h04zu9g/repo/precheck_results/25_APR_2026___14_23_49/logs/ext.log
/tmp/tmp2h04zu9g/repo/precheck_results/25_APR_2026___14_23_49/logs/lvs.log
/tmp/tmp2h04zu9g/repo/precheck_results/25_APR_2026___14_23_49/outputs/reports/lvs.report

Runtime: 0:00:03 (hh:mm:ss)

WARNING: possible errors SOFT - LVS 4 CVC 2 OEB -
