"input" in: sky130A_mr.drc:182
    Polygons (raw): 2463011 (flat)  4086 (hierarchical)
    Elapsed: 0.760s  Memory: 2390.00M
"polygons" in: sky130A_mr.drc:183
    Polygons (raw): 422669 (flat)  1000 (hierarchical)
    Elapsed: 0.580s  Memory: 2390.00M
"polygons" in: sky130A_mr.drc:184
    Polygons (raw): 1526727 (flat)  1209 (hierarchical)
    Elapsed: 0.530s  Memory: 2390.00M
"polygons" in: sky130A_mr.drc:185
    Polygons (raw): 853 (flat)  36 (hierarchical)
    Elapsed: 0.030s  Memory: 2390.00M
"polygons" in: sky130A_mr.drc:186
    Polygons (raw): 0 (flat)  0 (hierarchical)
    Elapsed: 0.000s  Memory: 2390.00M
"polygons" in: sky130A_mr.drc:187
    Polygons (raw): 0 (flat)  0 (hierarchical)
    Elapsed: 0.000s  Memory: 2390.00M
"polygons" in: sky130A_mr.drc:188
    Polygons (raw): 0 (flat)  0 (hierarchical)
    Elapsed: 0.000s  Memory: 2390.00M
"polygons" in: sky130A_mr.drc:189
    Polygons (raw): 0 (flat)  0 (hierarchical)
    Elapsed: 0.010s  Memory: 2390.00M
"polygons" in: sky130A_mr.drc:190
    Polygons (raw): 1426913 (flat)  503 (hierarchical)
    Elapsed: 0.460s  Memory: 2390.00M
"polygons" in: sky130A_mr.drc:191
    Polygons (raw): 0 (flat)  0 (hierarchical)
    Elapsed: 0.020s  Memory: 2390.00M
"polygons" in: sky130A_mr.drc:192
    Polygons (raw): 54311 (flat)  588 (hierarchical)
    Elapsed: 0.180s  Memory: 2390.00M
"polygons" in: sky130A_mr.drc:193
    Polygons (raw): 0 (flat)  0 (hierarchical)
    Elapsed: 0.000s  Memory: 2390.00M
"polygons" in: sky130A_mr.drc:194
    Polygons (raw): 5945 (flat)  40 (hierarchical)
    Elapsed: 0.000s  Memory: 2390.00M
"polygons" in: sky130A_mr.drc:195
    Polygons (raw): 2787034 (flat)  9323 (hierarchical)
    Elapsed: 0.610s  Memory: 2390.00M
"polygons" in: sky130A_mr.drc:196
    Polygons (raw): 33 (flat)  16 (hierarchical)
    Elapsed: 0.190s  Memory: 2390.00M
"polygons" in: sky130A_mr.drc:197
    Polygons (raw): 1767920 (flat)  1721 (hierarchical)
    Elapsed: 0.460s  Memory: 2390.00M
"polygons" in: sky130A_mr.drc:198
    Polygons (raw): 1738936 (flat)  1519 (hierarchical)
    Elapsed: 0.480s  Memory: 2390.00M
"polygons" in: sky130A_mr.drc:199
    Polygons (raw): 0 (flat)  0 (hierarchical)
    Elapsed: 0.020s  Memory: 2390.00M
"polygons" in: sky130A_mr.drc:200
    Polygons (raw): 1 (flat)  1 (hierarchical)
    Elapsed: 0.170s  Memory: 2390.00M
"polygons" in: sky130A_mr.drc:201
    Polygons (raw): 891764 (flat)  2107 (hierarchical)
    Elapsed: 0.520s  Memory: 2390.00M
"polygons" in: sky130A_mr.drc:202
    Polygons (raw): 14542948 (flat)  159122 (hierarchical)
    Elapsed: 0.670s  Memory: 2390.00M
"polygons" in: sky130A_mr.drc:204
    Polygons (raw): 7851878 (flat)  476564 (hierarchical)
    Elapsed: 0.970s  Memory: 2390.00M
"polygons" in: sky130A_mr.drc:205
    Polygons (raw): 0 (flat)  0 (hierarchical)
    Elapsed: 0.030s  Memory: 2390.00M
"polygons" in: sky130A_mr.drc:206
    Polygons (raw): 20853187 (flat)  626213 (hierarchical)
    Elapsed: 1.120s  Memory: 2390.00M
"polygons" in: sky130A_mr.drc:208
    Polygons (raw): 5841377 (flat)  2145745 (hierarchical)
    Elapsed: 2.730s  Memory: 2406.00M
"polygons" in: sky130A_mr.drc:209
    Polygons (raw): 1726169 (flat)  956356 (hierarchical)
    Elapsed: 1.500s  Memory: 2419.00M
"polygons" in: sky130A_mr.drc:211
    Polygons (raw): 1329426 (flat)  1032110 (hierarchical)
    Elapsed: 1.670s  Memory: 2433.00M
"polygons" in: sky130A_mr.drc:212
    Polygons (raw): 1055599 (flat)  382535 (hierarchical)
    Elapsed: 0.980s  Memory: 2439.00M
"polygons" in: sky130A_mr.drc:214
    Polygons (raw): 236346 (flat)  181643 (hierarchical)
    Elapsed: 0.790s  Memory: 2443.00M
"polygons" in: sky130A_mr.drc:215
    Polygons (raw): 984551 (flat)  467438 (hierarchical)
    Elapsed: 1.060s  Memory: 2450.00M
"polygons" in: sky130A_mr.drc:217
    Polygons (raw): 78093 (flat)  20949 (hierarchical)
    Elapsed: 0.710s  Memory: 2456.00M
"polygons" in: sky130A_mr.drc:218
    Polygons (raw): 262281 (flat)  48929 (hierarchical)
    Elapsed: 0.310s  Memory: 2456.00M
"polygons" in: sky130A_mr.drc:220
    Polygons (raw): 24210 (flat)  1990 (hierarchical)
    Elapsed: 0.210s  Memory: 2457.00M
"polygons" in: sky130A_mr.drc:222
    Polygons (raw): 107 (flat)  1 (hierarchical)
    Elapsed: 0.030s  Memory: 2457.00M
"polygons" in: sky130A_mr.drc:223
    Polygons (raw): 36 (flat)  9 (hierarchical)
    Elapsed: 0.000s  Memory: 2457.00M
"polygons" in: sky130A_mr.drc:224
    Polygons (raw): 1 (flat)  1 (hierarchical)
    Elapsed: 0.170s  Memory: 2457.00M
"polygons" in: sky130A_mr.drc:225
    Polygons (raw): 1 (flat)  1 (hierarchical)
    Elapsed: 0.200s  Memory: 2457.00M
"polygons" in: sky130A_mr.drc:226
    Polygons (raw): 0 (flat)  0 (hierarchical)
    Elapsed: 0.030s  Memory: 2457.00M
"polygons" in: sky130A_mr.drc:227
    Polygons (raw): 0 (flat)  0 (hierarchical)
    Elapsed: 0.000s  Memory: 2457.00M
"polygons" in: sky130A_mr.drc:228
    Polygons (raw): 0 (flat)  0 (hierarchical)
    Elapsed: 0.000s  Memory: 2457.00M
"polygons" in: sky130A_mr.drc:229
    Polygons (raw): 0 (flat)  0 (hierarchical)
    Elapsed: 0.010s  Memory: 2457.00M
"polygons" in: sky130A_mr.drc:230
    Polygons (raw): 0 (flat)  0 (hierarchical)
    Elapsed: 0.000s  Memory: 2457.00M
"polygons" in: sky130A_mr.drc:231
    Polygons (raw): 0 (flat)  0 (hierarchical)
    Elapsed: 0.000s  Memory: 2457.00M
"polygons" in: sky130A_mr.drc:232
    Polygons (raw): 0 (flat)  0 (hierarchical)
    Elapsed: 0.000s  Memory: 2457.00M
"polygons" in: sky130A_mr.drc:233
    Polygons (raw): 0 (flat)  0 (hierarchical)
    Elapsed: 0.000s  Memory: 2457.00M
"polygons" in: sky130A_mr.drc:234
    Polygons (raw): 0 (flat)  0 (hierarchical)
    Elapsed: 0.000s  Memory: 2457.00M
"polygons" in: sky130A_mr.drc:235
    Polygons (raw): 107 (flat)  1 (hierarchical)
    Elapsed: 0.010s  Memory: 2457.00M
"polygons" in: sky130A_mr.drc:236
    Polygons (raw): 0 (flat)  0 (hierarchical)
    Elapsed: 0.000s  Memory: 2457.00M
"polygons" in: sky130A_mr.drc:237
    Polygons (raw): 24 (flat)  6 (hierarchical)
    Elapsed: 0.000s  Memory: 2457.00M
"polygons" in: sky130A_mr.drc:238
    Polygons (raw): 0 (flat)  0 (hierarchical)
    Elapsed: 0.000s  Memory: 2457.00M
"polygons" in: sky130A_mr.drc:239
    Polygons (raw): 0 (flat)  0 (hierarchical)
    Elapsed: 0.000s  Memory: 2457.00M
"polygons" in: sky130A_mr.drc:240
    Polygons (raw): 1422960 (flat)  489 (hierarchical)
    Elapsed: 0.510s  Memory: 2457.00M
"polygons" in: sky130A_mr.drc:241
    Polygons (raw): 3799 (flat)  133 (hierarchical)
    Elapsed: 0.030s  Memory: 2465.00M
"polygons" in: sky130A_mr.drc:242
    Polygons (raw): 0 (flat)  0 (hierarchical)
    Elapsed: 0.000s  Memory: 2465.00M
"polygons" in: sky130A_mr.drc:243
    Polygons (raw): 2520 (flat)  112 (hierarchical)
    Elapsed: 0.000s  Memory: 2465.00M
"polygons" in: sky130A_mr.drc:244
    Polygons (raw): 0 (flat)  0 (hierarchical)
    Elapsed: 0.000s  Memory: 2465.00M
"polygons" in: sky130A_mr.drc:245
    Polygons (raw): 0 (flat)  0 (hierarchical)
    Elapsed: 0.000s  Memory: 2465.00M
"polygons" in: sky130A_mr.drc:246
    Polygons (raw): 0 (flat)  0 (hierarchical)
    Elapsed: 0.000s  Memory: 2465.00M
"polygons" in: sky130A_mr.drc:247
    Polygons (raw): 0 (flat)  0 (hierarchical)
    Elapsed: 0.000s  Memory: 2465.00M
"polygons" in: sky130A_mr.drc:248
    Polygons (raw): 4 (flat)  4 (hierarchical)
    Elapsed: 0.620s  Memory: 2465.00M
"polygons" in: sky130A_mr.drc:249
    Polygons (raw): 0 (flat)  0 (hierarchical)
    Elapsed: 0.030s  Memory: 2465.00M
"polygons" in: sky130A_mr.drc:250
    Polygons (raw): 0 (flat)  0 (hierarchical)
    Elapsed: 0.000s  Memory: 2465.00M
"polygons" in: sky130A_mr.drc:251
    Polygons (raw): 0 (flat)  0 (hierarchical)
    Elapsed: 0.000s  Memory: 2465.00M
"polygons" in: sky130A_mr.drc:252
    Polygons (raw): 981 (flat)  4 (hierarchical)
    Elapsed: 0.000s  Memory: 2465.00M
"polygons" in: sky130A_mr.drc:253
    Polygons (raw): 107786 (flat)  4 (hierarchical)
    Elapsed: 0.620s  Memory: 2465.00M
"polygons" in: sky130A_mr.drc:254
    Polygons (raw): 0 (flat)  0 (hierarchical)
    Elapsed: 0.030s  Memory: 2465.00M
"polygons" in: sky130A_mr.drc:255
    Polygons (raw): 0 (flat)  0 (hierarchical)
    Elapsed: 0.000s  Memory: 2465.00M
"polygons" in: sky130A_mr.drc:256
    Polygons (raw): 372 (flat)  93 (hierarchical)
    Elapsed: 0.000s  Memory: 2465.00M
"polygons" in: sky130A_mr.drc:257
    Polygons (raw): 8 (flat)  2 (hierarchical)
    Elapsed: 0.000s  Memory: 2465.00M
"polygons" in: sky130A_mr.drc:258
    Polygons (raw): 45 (flat)  8 (hierarchical)
    Elapsed: 0.180s  Memory: 2465.00M
"polygons" in: sky130A_mr.drc:259
    Polygons (raw): 0 (flat)  0 (hierarchical)
    Elapsed: 0.030s  Memory: 2465.00M
"polygons" in: sky130A_mr.drc:260
    Polygons (raw): 0 (flat)  0 (hierarchical)
    Elapsed: 0.000s  Memory: 2465.00M
"polygons" in: sky130A_mr.drc:261
    Polygons (raw): 0 (flat)  0 (hierarchical)
    Elapsed: 0.000s  Memory: 2465.00M
"polygons" in: sky130A_mr.drc:262
    Polygons (raw): 0 (flat)  0 (hierarchical)
    Elapsed: 0.010s  Memory: 2465.00M
"polygons" in: sky130A_mr.drc:263
    Polygons (raw): 0 (flat)  0 (hierarchical)
    Elapsed: 0.000s  Memory: 2465.00M
"polygons" in: sky130A_mr.drc:264
    Polygons (raw): 0 (flat)  0 (hierarchical)
    Elapsed: 0.000s  Memory: 2465.00M
"polygons" in: sky130A_mr.drc:265
    Polygons (raw): 0 (flat)  0 (hierarchical)
    Elapsed: 0.000s  Memory: 2465.00M
"polygons" in: sky130A_mr.drc:266
    Polygons (raw): 0 (flat)  0 (hierarchical)
    Elapsed: 0.000s  Memory: 2465.00M
"polygons" in: sky130A_mr.drc:267
    Polygons (raw): 0 (flat)  0 (hierarchical)
    Elapsed: 0.000s  Memory: 2465.00M
"polygons" in: sky130A_mr.drc:268
    Polygons (raw): 0 (flat)  0 (hierarchical)
    Elapsed: 0.000s  Memory: 2465.00M
"polygons" in: sky130A_mr.drc:269
    Polygons (raw): 0 (flat)  0 (hierarchical)
    Elapsed: 0.000s  Memory: 2465.00M
"polygons" in: sky130A_mr.drc:270
    Polygons (raw): 0 (flat)  0 (hierarchical)
    Elapsed: 0.000s  Memory: 2465.00M
"polygons" in: sky130A_mr.drc:271
    Polygons (raw): 2878 (flat)  200 (hierarchical)
    Elapsed: 0.210s  Memory: 2465.00M
"polygons" in: sky130A_mr.drc:272
    Polygons (raw): 0 (flat)  0 (hierarchical)
    Elapsed: 0.030s  Memory: 2465.00M
"polygons" in: sky130A_mr.drc:273
    Polygons (raw): 109 (flat)  39 (hierarchical)
    Elapsed: 0.190s  Memory: 2465.00M
"polygons" in: sky130A_mr.drc:274
    Polygons (raw): 0 (flat)  0 (hierarchical)
    Elapsed: 0.030s  Memory: 2465.00M
"polygons" in: sky130A_mr.drc:275
    Polygons (raw): 0 (flat)  0 (hierarchical)
    Elapsed: 0.000s  Memory: 2465.00M
"polygons" in: sky130A_mr.drc:276
    Polygons (raw): 0 (flat)  0 (hierarchical)
    Elapsed: 0.000s  Memory: 2465.00M
"polygons" in: sky130A_mr.drc:277
    Polygons (raw): 0 (flat)  0 (hierarchical)
    Elapsed: 0.000s  Memory: 2465.00M
"merged" in: sky130A_mr.drc:279
    Polygons (raw): 0 (flat)  0 (hierarchical)
    Elapsed: 0.000s  Memory: 2465.00M
DRC section
FEOL section
START: 64/18 (dnwell)
"width" in: sky130A_mr.drc:303
    Edge pairs: 0 (flat)  0 (hierarchical)
    Elapsed: 0.840s  Memory: 2480.00M
"output" in: sky130A_mr.drc:304
    Edge pairs: 0 (flat)  0 (hierarchical)
    Elapsed: 0.030s  Memory: 2481.00M
"or" in: sky130A_mr.drc:309
    Polygons (raw): 0 (flat)  0 (hierarchical)
    Elapsed: 0.000s  Memory: 2481.00M
"-" in: sky130A_mr.drc:309
    Polygons (raw): 853 (flat)  36 (hierarchical)
    Elapsed: 0.010s  Memory: 2481.00M
"space" in: sky130A_mr.drc:310
    Edge pairs: 0 (flat)  0 (hierarchical)
    Elapsed: 0.250s  Memory: 2483.00M
"output" in: sky130A_mr.drc:311
    Edge pairs: 0 (flat)  0 (hierarchical)
    Elapsed: 0.030s  Memory: 2483.00M
END: 64/18 (dnwell)
"input" in: sky130A_mr.drc:318
    Polygons (raw): 1767920 (flat)  1721 (hierarchical)
    Elapsed: 0.660s  Memory: 2483.00M
"input" in: sky130A_mr.drc:319
    Polygons (raw): 1738936 (flat)  1519 (hierarchical)
    Elapsed: 0.830s  Memory: 2483.00M
"input" in: sky130A_mr.drc:320
    Polygons (raw): 1526727 (flat)  1209 (hierarchical)
    Elapsed: 0.810s  Memory: 2483.00M
"input" in: sky130A_mr.drc:329
    Polygons (raw): 1503715 (flat)  1109 (hierarchical)
    Elapsed: 1.240s  Memory: 2510.00M
START: 64/20 (nwell)
"width" in: sky130A_mr.drc:333
    Edge pairs: 0 (flat)  0 (hierarchical)
    Elapsed: 43.850s  Memory: 2823.00M
"output" in: sky130A_mr.drc:333
    Edge pairs: 0 (flat)  0 (hierarchical)
    Elapsed: 0.040s  Memory: 2823.00M
"space" in: sky130A_mr.drc:337
    Edge pairs: 0 (flat)  0 (hierarchical)
    Elapsed: 131.060s  Memory: 3959.00M
"output" in: sky130A_mr.drc:337
    Edge pairs: 0 (flat)  0 (hierarchical)
    Elapsed: 0.030s  Memory: 3051.00M
"&" in: sky130A_mr.drc:341
    Polygons (raw): 1503715 (flat)  1788 (hierarchical)
    Elapsed: 231.050s  Memory: 3914.00M
"merge" in: sky130A_mr.drc:341
    Polygons (raw): 4273 (flat)  2877 (hierarchical)
    Elapsed: 31.340s  Memory: 3912.00M
"holes" in: sky130A_mr.drc:342
    Polygons (raw): 362 (flat)  23 (hierarchical)
    Elapsed: 0.030s  Memory: 3914.00M
"enclosing" in: sky130A_mr.drc:342
    Edge pairs: 0 (flat)  0 (hierarchical)
    Elapsed: 0.190s  Memory: 3914.00M
"output" in: sky130A_mr.drc:342
    Edge pairs: 0 (flat)  0 (hierarchical)
    Elapsed: 0.000s  Memory: 3914.00M
"or" in: sky130A_mr.drc:346
    Polygons (raw): 161 (flat)  18 (hierarchical)
    Elapsed: 0.750s  Memory: 3882.00M
"or" in: sky130A_mr.drc:346
    Polygons (raw): 161 (flat)  18 (hierarchical)
    Elapsed: 0.150s  Memory: 3888.00M
"or" in: sky130A_mr.drc:346
    Polygons (raw): 161 (flat)  18 (hierarchical)
    Elapsed: 0.120s  Memory: 3888.00M
"&" in: sky130A_mr.drc:348
    Polygons (raw): 77146 (flat)  497 (hierarchical)
    Elapsed: 5.510s  Memory: 3875.00M
"interacting" in: sky130A_mr.drc:348
    Polygons (raw): 1289 (flat)  59 (hierarchical)
    Elapsed: 0.450s  Memory: 3758.00M
"-" in: sky130A_mr.drc:349
    Polygons (raw): 0 (flat)  0 (hierarchical)
    Elapsed: 0.360s  Memory: 3758.00M
"output" in: sky130A_mr.drc:350
    Polygons (raw): 0 (flat)  0 (hierarchical)
    Elapsed: 0.000s  Memory: 3758.00M
END: 64/20 (nwell)
START: 78/44 (hvtp)
"width" in: sky130A_mr.drc:355
    Edge pairs: 0 (flat)  0 (hierarchical)
    Elapsed: 29.860s  Memory: 3783.00M
"output" in: sky130A_mr.drc:355
    Edge pairs: 0 (flat)  0 (hierarchical)
    Elapsed: 0.140s  Memory: 3783.00M
"space" in: sky130A_mr.drc:359
    Edge pairs: 0 (flat)  0 (hierarchical)
    Elapsed: 67.640s  Memory: 3852.00M
"output" in: sky130A_mr.drc:359
    Edge pairs: 0 (flat)  0 (hierarchical)
    Elapsed: 0.020s  Memory: 3852.00M
END: 78/44 (hvtp)
START: 124/20 (pwde)
"width" in: sky130A_mr.drc:367
    Edge pairs: 0 (flat)  0 (hierarchical)
    Elapsed: 0.000s  Memory: 3852.00M
"output" in: sky130A_mr.drc:367
    Edge pairs: 0 (flat)  0 (hierarchical)
    Elapsed: 0.000s  Memory: 3852.00M
"or" in: sky130A_mr.drc:372
    Polygons (raw): 0 (flat)  0 (hierarchical)
    Elapsed: 0.000s  Memory: 3852.00M
"&" in: sky130A_mr.drc:372
    Polygons (raw): 0 (flat)  0 (hierarchical)
    Elapsed: 0.010s  Memory: 3852.00M
"space" in: sky130A_mr.drc:373
    Edge pairs: 0 (flat)  0 (hierarchical)
    Elapsed: 0.000s  Memory: 3852.00M
"output" in: sky130A_mr.drc:374
    Edge pairs: 0 (flat)  0 (hierarchical)
    Elapsed: 0.030s  Memory: 3852.00M
END: 124/20 (pwde)
START: 18/20 (htvr)
"width" in: sky130A_mr.drc:379
    Edge pairs: 0 (flat)  0 (hierarchical)
    Elapsed: 0.010s  Memory: 3852.00M
"output" in: sky130A_mr.drc:379
    Edge pairs: 0 (flat)  0 (hierarchical)
    Elapsed: 0.000s  Memory: 3852.00M
"separation" in: sky130A_mr.drc:383
    Edge pairs: 0 (flat)  0 (hierarchical)
    Elapsed: 0.000s  Memory: 3852.00M
"output" in: sky130A_mr.drc:383
    Edge pairs: 0 (flat)  0 (hierarchical)
    Elapsed: 0.030s  Memory: 3852.00M
"&" in: sky130A_mr.drc:387
    Polygons (raw): 0 (flat)  0 (hierarchical)
    Elapsed: 0.000s  Memory: 3852.00M
"output" in: sky130A_mr.drc:387
    Polygons (raw): 0 (flat)  0 (hierarchical)
    Elapsed: 0.000s  Memory: 3852.00M
END: 18/20 (htvr)
START: 25/44 (lvtn)
"width" in: sky130A_mr.drc:392
    Edge pairs: 0 (flat)  0 (hierarchical)
    Elapsed: 0.710s  Memory: 3878.00M
"output" in: sky130A_mr.drc:392
    Edge pairs: 0 (flat)  0 (hierarchical)
    Elapsed: 0.030s  Memory: 3878.00M
"space" in: sky130A_mr.drc:396
    Edge pairs: 0 (flat)  0 (hierarchical)
    Elapsed: 0.210s  Memory: 3878.00M
"output" in: sky130A_mr.drc:396
    Edge pairs: 0 (flat)  0 (hierarchical)
    Elapsed: 0.000s  Memory: 3878.00M
"interacting" in: sky130A_mr.drc:401
    Polygons (raw): 0 (flat)  0 (hierarchical)
    Elapsed: 0.030s  Memory: 3878.00M
"not_inside" in: sky130A_mr.drc:402
    Polygons (raw): 0 (flat)  0 (hierarchical)
    Elapsed: 0.000s  Memory: 3878.00M
"edges" in: sky130A_mr.drc:403
    Edges: 0 (flat)  0 (hierarchical)
    Elapsed: 0.000s  Memory: 3878.00M
"&" in: sky130A_mr.drc:404
    Edges: 0 (flat)  0 (hierarchical)
    Elapsed: 0.000s  Memory: 3878.00M
"output" in: sky130A_mr.drc:405
    Edges: 0 (flat)  0 (hierarchical)
    Elapsed: 0.000s  Memory: 3878.00M
END: 25/44 (lvtn)
START: 92/44 (ncm)
"width" in: sky130A_mr.drc:410
    Edge pairs: 0 (flat)  0 (hierarchical)
    Elapsed: 0.000s  Memory: 3878.00M
"output" in: sky130A_mr.drc:410
    Edge pairs: 0 (flat)  0 (hierarchical)
    Elapsed: 0.030s  Memory: 3878.00M
"space" in: sky130A_mr.drc:411
    Edge pairs: 0 (flat)  0 (hierarchical)
    Elapsed: 0.000s  Memory: 3878.00M
"output" in: sky130A_mr.drc:411
    Edge pairs: 0 (flat)  0 (hierarchical)
    Elapsed: 0.000s  Memory: 3878.00M
END: 92/44 (ncm)
START: 65/20 (diff)
"or" in: sky130A_mr.drc:419
    Polygons (raw): 2555120 (flat)  2325 (hierarchical)
    Elapsed: 25.040s  Memory: 3878.00M
"rectangles" in: sky130A_mr.drc:420
    Polygons (raw): 1957899 (flat)  2305 (hierarchical)
    Elapsed: 18.760s  Memory: 3883.00M
"width" in: sky130A_mr.drc:420
    Edge pairs: 0 (flat)  0 (hierarchical)
    Elapsed: 0.220s  Memory: 3883.00M
"polygons" in: sky130A_mr.drc:420
    Polygons (raw): 0 (flat)  0 (hierarchical)
    Elapsed: 0.000s  Memory: 3883.00M
"edges" in: sky130A_mr.drc:423
    Edges: 0 (flat)  0 (hierarchical)
    Elapsed: 0.010s  Memory: 3883.00M
"outside_part" in: sky130A_mr.drc:424
    Edges: 0 (flat)  0 (hierarchical)
    Elapsed: 0.000s  Memory: 3883.00M
"outside" in: sky130A_mr.drc:425
    Polygons (raw): 0 (flat)  0 (hierarchical)
    Elapsed: 0.430s  Memory: 3883.00M
"edges" in: sky130A_mr.drc:425
    Edges: 0 (flat)  0 (hierarchical)
    Elapsed: 0.000s  Memory: 3883.00M
"-" in: sky130A_mr.drc:425
    Edges: 0 (flat)  0 (hierarchical)
    Elapsed: 0.020s  Memory: 3883.00M
"output" in: sky130A_mr.drc:426
    Edges: 0 (flat)  0 (hierarchical)
    Elapsed: 0.000s  Memory: 3883.00M
"outside" in: sky130A_mr.drc:431
    Polygons (raw): 2463011 (flat)  4086 (hierarchical)
    Elapsed: 0.010s  Memory: 3883.00M
"width" in: sky130A_mr.drc:432
    Edge pairs: 0 (flat)  0 (hierarchical)
    Elapsed: 0.220s  Memory: 3883.00M
"output" in: sky130A_mr.drc:433
    Edge pairs: 0 (flat)  0 (hierarchical)
    Elapsed: 0.000s  Memory: 3883.00M
"inside" in: sky130A_mr.drc:438
    Polygons (raw): 0 (flat)  0 (hierarchical)
    Elapsed: 0.000s  Memory: 3883.00M
"width" in: sky130A_mr.drc:439
    Edge pairs: 0 (flat)  0 (hierarchical)
    Elapsed: 0.000s  Memory: 3883.00M
"output" in: sky130A_mr.drc:440
    Edge pairs: 0 (flat)  0 (hierarchical)
    Elapsed: 0.460s  Memory: 3883.00M
END: 65/20 (diff)
START: 65/44 (tap)
"rectangles" in: sky130A_mr.drc:447
    Polygons (raw): 402637 (flat)  222 (hierarchical)
    Elapsed: 2.000s  Memory: 3883.00M
"width" in: sky130A_mr.drc:447
    Edge pairs: 0 (flat)  0 (hierarchical)
    Elapsed: 0.240s  Memory: 3883.00M
"polygons" in: sky130A_mr.drc:447
    Polygons (raw): 0 (flat)  0 (hierarchical)
    Elapsed: 0.000s  Memory: 3883.00M
"edges" in: sky130A_mr.drc:450
    Edges: 0 (flat)  0 (hierarchical)
    Elapsed: 0.000s  Memory: 3883.00M
"outside_part" in: sky130A_mr.drc:451
    Edges: 0 (flat)  0 (hierarchical)
    Elapsed: 0.450s  Memory: 3883.00M
"outside" in: sky130A_mr.drc:452
    Polygons (raw): 0 (flat)  0 (hierarchical)
    Elapsed: 0.030s  Memory: 3883.00M
"edges" in: sky130A_mr.drc:452
    Edges: 0 (flat)  0 (hierarchical)
    Elapsed: 0.010s  Memory: 3883.00M
"-" in: sky130A_mr.drc:452
    Edges: 0 (flat)  0 (hierarchical)
    Elapsed: 0.000s  Memory: 3883.00M
"output" in: sky130A_mr.drc:453
    Edges: 0 (flat)  0 (hierarchical)
    Elapsed: 0.000s  Memory: 3883.00M
"-" in: sky130A_mr.drc:458
    Polygons (raw): 422669 (flat)  1000 (hierarchical)
    Elapsed: 0.000s  Memory: 3883.00M
"width" in: sky130A_mr.drc:459
    Edge pairs: 0 (flat)  0 (hierarchical)
    Elapsed: 2.750s  Memory: 3883.00M
"output" in: sky130A_mr.drc:460
    Edge pairs: 0 (flat)  0 (hierarchical)
    Elapsed: 0.440s  Memory: 3883.00M
END: 65/44 (tap)
"space" in: sky130A_mr.drc:463
    Edge pairs: 0 (flat)  0 (hierarchical)
    Elapsed: 203.780s  Memory: 5493.00M
"output" in: sky130A_mr.drc:463
    Edge pairs: 0 (flat)  0 (hierarchical)
    Elapsed: 0.030s  Memory: 4163.00M
START: 80/20 (tunm)
"width" in: sky130A_mr.drc:470
    Edge pairs: 0 (flat)  0 (hierarchical)
    Elapsed: 0.000s  Memory: 4163.00M
"output" in: sky130A_mr.drc:470
    Edge pairs: 0 (flat)  0 (hierarchical)
    Elapsed: 0.000s  Memory: 4163.00M
"space" in: sky130A_mr.drc:474
    Edge pairs: 0 (flat)  0 (hierarchical)
    Elapsed: 0.000s  Memory: 4163.00M
"output" in: sky130A_mr.drc:474
    Edge pairs: 0 (flat)  0 (hierarchical)
    Elapsed: 0.020s  Memory: 4163.00M
"output" in: sky130A_mr.drc:478
    Polygons (raw): 0 (flat)  0 (hierarchical)
    Elapsed: 0.000s  Memory: 4163.00M
END: 80/20 (tunm)
START: 80/20 (thkox)
"-" in: sky130A_mr.drc:486
    Polygons (raw): 0 (flat)  0 (hierarchical)
    Elapsed: 0.010s  Memory: 4163.00M
"width" in: sky130A_mr.drc:487
    Edge pairs: 0 (flat)  0 (hierarchical)
    Elapsed: 0.000s  Memory: 4163.00M
"output" in: sky130A_mr.drc:487
    Edge pairs: 0 (flat)  0 (hierarchical)
    Elapsed: 0.000s  Memory: 4163.00M
"space" in: sky130A_mr.drc:491
    Edge pairs: 0 (flat)  0 (hierarchical)
    Elapsed: 0.000s  Memory: 4163.00M
"output" in: sky130A_mr.drc:491
    Edge pairs: 0 (flat)  0 (hierarchical)
    Elapsed: 0.030s  Memory: 4163.00M
"interacting" in: sky130A_mr.drc:497
    Polygons (raw): 152 (flat)  13 (hierarchical)
    Elapsed: 1.080s  Memory: 4174.00M
"not_inside" in: sky130A_mr.drc:498
    Polygons (raw): 152 (flat)  13 (hierarchical)
    Elapsed: 0.310s  Memory: 4174.00M
"edges" in: sky130A_mr.drc:499
    Edges: 6730 (flat)  240 (hierarchical)
    Elapsed: 0.160s  Memory: 4174.00M
"&" in: sky130A_mr.drc:500
    Edges: 0 (flat)  0 (hierarchical)
    Elapsed: 0.100s  Memory: 4174.00M
"output" in: sky130A_mr.drc:501
    Edges: 0 (flat)  0 (hierarchical)
    Elapsed: 0.160s  Memory: 4174.00M
"&" in: sky130A_mr.drc:506
    Polygons (raw): 209929 (flat)  408 (hierarchical)
    Elapsed: 6.680s  Memory: 4208.00M
"&" in: sky130A_mr.drc:506
    Polygons (raw): 12202 (flat)  315 (hierarchical)
    Elapsed: 0.930s  Memory: 4208.00M
"&" in: sky130A_mr.drc:507
    Polygons (raw): 1240241 (flat)  1472 (hierarchical)
    Elapsed: 17.000s  Memory: 4294.00M
"&" in: sky130A_mr.drc:507
    Polygons (raw): 95858 (flat)  737 (hierarchical)
    Elapsed: 4.010s  Memory: 4141.00M
"not_interacting" in: sky130A_mr.drc:507
    Polygons (raw): 12455 (flat)  199 (hierarchical)
    Elapsed: 1.410s  Memory: 4141.00M
"separation" in: sky130A_mr.drc:510
    Edge pairs: 15386 (flat)  331 (hierarchical)
    Elapsed: 0.650s  Memory: 4141.00M
"polygons" in: sky130A_mr.drc:510
    Polygons (raw): 15386 (flat)  331 (hierarchical)
    Elapsed: 0.030s  Memory: 4141.00M
"interacting" in: sky130A_mr.drc:511
    Polygons (raw): 0 (flat)  0 (hierarchical)
    Elapsed: 0.710s  Memory: 4141.00M
"output" in: sky130A_mr.drc:511
    Polygons (raw): 0 (flat)  0 (hierarchical)
    Elapsed: 0.170s  Memory: 4141.00M
END: 80/20 (thkox)
START: 66/20 (poly)
"width" in: sky130A_mr.drc:519
    Edge pairs: 0 (flat)  0 (hierarchical)
    Elapsed: 6.950s  Memory: 4141.00M
"output" in: sky130A_mr.drc:519
    Edge pairs: 0 (flat)  0 (hierarchical)
    Elapsed: 0.030s  Memory: 4141.00M
"-" in: sky130A_mr.drc:524
    Polygons (raw): 2787034 (flat)  9323 (hierarchical)
    Elapsed: 0.020s  Memory: 4141.00M
"space" in: sky130A_mr.drc:525
    Edge pairs: 0 (flat)  0 (hierarchical)
    Elapsed: 10.040s  Memory: 4184.00M
"output" in: sky130A_mr.drc:526
    Edge pairs: 0 (flat)  0 (hierarchical)
    Elapsed: 0.460s  Memory: 4184.00M
"inside" in: sky130A_mr.drc:527
    Polygons (raw): 0 (flat)  0 (hierarchical)
    Elapsed: 0.020s  Memory: 4184.00M
"drc" in: sky130A_mr.drc:527
    Edge pairs: 0 (flat)  0 (hierarchical)
    Elapsed: 0.710s  Memory: 4184.00M
"polygons" in: sky130A_mr.drc:527
    Polygons (raw): 0 (flat)  0 (hierarchical)
    Elapsed: 0.030s  Memory: 4184.00M
"interacting" in: sky130A_mr.drc:529
    Polygons (raw): 0 (flat)  0 (hierarchical)
    Elapsed: 0.000s  Memory: 4184.00M
"isolated" in: sky130A_mr.drc:530
    Edge pairs: 0 (flat)  0 (hierarchical)
    Elapsed: 0.000s  Memory: 4184.00M
"output" in: sky130A_mr.drc:531
    Edge pairs: 0 (flat)  0 (hierarchical)
    Elapsed: 0.000s  Memory: 4184.00M
"drc" in: sky130A_mr.drc:535
    Polygons (raw): 0 (flat)  0 (hierarchical)
    Elapsed: 0.880s  Memory: 4185.00M
"output" in: sky130A_mr.drc:535
    Polygons (raw): 0 (flat)  0 (hierarchical)
    Elapsed: 0.020s  Memory: 4185.00M
"width" in: sky130A_mr.drc:541
    Edge pairs: 0 (flat)  0 (hierarchical)
    Elapsed: 0.190s  Memory: 4185.00M
"output" in: sky130A_mr.drc:541
    Edge pairs: 0 (flat)  0 (hierarchical)
    Elapsed: 0.000s  Memory: 4185.00M
END: 66/20 (poly)
START: 80/20 (ldntm)
"&" in: sky130A_mr.drc:550
    Polygons (raw): 0 (flat)  0 (hierarchical)
    Elapsed: 0.000s  Memory: 4185.00M
"width" in: sky130A_mr.drc:551
    Edge pairs: 0 (flat)  0 (hierarchical)
    Elapsed: 0.000s  Memory: 4185.00M
"output" in: sky130A_mr.drc:551
    Edge pairs: 0 (flat)  0 (hierarchical)
    Elapsed: 0.040s  Memory: 4185.00M
"space" in: sky130A_mr.drc:555
    Edge pairs: 0 (flat)  0 (hierarchical)
    Elapsed: 0.000s  Memory: 4185.00M
"output" in: sky130A_mr.drc:555
    Edge pairs: 0 (flat)  0 (hierarchical)
    Elapsed: 0.000s  Memory: 4185.00M
END: 80/20 (ldntm)
START: 86/20 (rpm)
"width" in: sky130A_mr.drc:563
    Edge pairs: 0 (flat)  0 (hierarchical)
    Elapsed: 0.000s  Memory: 4185.00M
"output" in: sky130A_mr.drc:563
    Edge pairs: 0 (flat)  0 (hierarchical)
    Elapsed: 0.020s  Memory: 4185.00M
"space" in: sky130A_mr.drc:567
    Edge pairs: 0 (flat)  0 (hierarchical)
    Elapsed: 0.000s  Memory: 4185.00M
"output" in: sky130A_mr.drc:567
    Edge pairs: 0 (flat)  0 (hierarchical)
    Elapsed: 0.010s  Memory: 4185.00M
END: 86/20 (rpm)
START: 74/20 (rdl)
"width" in: sky130A_mr.drc:575
    Edge pairs: 0 (flat)  0 (hierarchical)
    Elapsed: 0.000s  Memory: 4185.00M
"output" in: sky130A_mr.drc:575
    Edge pairs: 0 (flat)  0 (hierarchical)
    Elapsed: 0.030s  Memory: 4185.00M
"space" in: sky130A_mr.drc:576
    Edge pairs: 0 (flat)  0 (hierarchical)
    Elapsed: 0.000s  Memory: 4185.00M
"output" in: sky130A_mr.drc:576
    Edge pairs: 0 (flat)  0 (hierarchical)
    Elapsed: 0.000s  Memory: 4185.00M
"output" in: sky130A_mr.drc:577
    Polygons (raw): 0 (flat)  0 (hierarchical)
    Elapsed: 0.000s  Memory: 4185.00M
END: 74/20 (rdl)
START: 79/20 (urpm)
"width" in: sky130A_mr.drc:582
    Edge pairs: 0 (flat)  0 (hierarchical)
    Elapsed: 0.900s  Memory: 4185.00M
"output" in: sky130A_mr.drc:582
    Edge pairs: 0 (flat)  0 (hierarchical)
    Elapsed: 0.030s  Memory: 4185.00M
"space" in: sky130A_mr.drc:586
    Edge pairs: 0 (flat)  0 (hierarchical)
    Elapsed: 0.300s  Memory: 4185.00M
"output" in: sky130A_mr.drc:586
    Edge pairs: 0 (flat)  0 (hierarchical)
    Elapsed: 0.040s  Memory: 4185.00M
END: 79/20 (urpm)
START: 95/20 (npc)
"width" in: sky130A_mr.drc:594
    Edge pairs: 0 (flat)  0 (hierarchical)
    Elapsed: 16.820s  Memory: 4150.00M
"output" in: sky130A_mr.drc:594
    Edge pairs: 0 (flat)  0 (hierarchical)
    Elapsed: 0.020s  Memory: 4150.00M
"space" in: sky130A_mr.drc:595
    Edge pairs: 0 (flat)  0 (hierarchical)
    Elapsed: 13.580s  Memory: 4275.00M
"output" in: sky130A_mr.drc:595
    Edge pairs: 0 (flat)  0 (hierarchical)
    Elapsed: 0.030s  Memory: 4102.00M
END: 95/20 (npc)
START: 93/44 (nsdm)
"-" in: sky130A_mr.drc:646
    Polygons (raw): 1767920 (flat)  1721 (hierarchical)
    Elapsed: 0.000s  Memory: 4102.00M
"space" in: sky130A_mr.drc:647
    Edge pairs: 0 (flat)  0 (hierarchical)
    Elapsed: 71.500s  Memory: 4704.00M
"output" in: sky130A_mr.drc:648
    Edge pairs: 0 (flat)  0 (hierarchical)
    Elapsed: 0.430s  Memory: 4103.00M
"outside" in: sky130A_mr.drc:650
    Polygons (raw): 1767920 (flat)  1721 (hierarchical)
    Elapsed: 0.030s  Memory: 4103.00M
"width" in: sky130A_mr.drc:651
    Edge pairs: 0 (flat)  0 (hierarchical)
    Elapsed: 34.330s  Memory: 4151.00M
"output" in: sky130A_mr.drc:652
    Edge pairs: 0 (flat)  0 (hierarchical)
    Elapsed: 0.450s  Memory: 4151.00M
"width" in: sky130A_mr.drc:654
    Edge pairs: 0 (flat)  0 (hierarchical)
    Elapsed: 34.540s  Memory: 4174.00M
"polygons" in: sky130A_mr.drc:654
    Polygons (raw): 0 (flat)  0 (hierarchical)
    Elapsed: 0.030s  Memory: 4174.00M
"interacting" in: sky130A_mr.drc:654
    Polygons (raw): 0 (flat)  0 (hierarchical)
    Elapsed: 0.010s  Memory: 4174.00M
"edges" in: sky130A_mr.drc:656
    Edges: 0 (flat)  0 (hierarchical)
    Elapsed: 0.000s  Memory: 4174.00M
"outside_part" in: sky130A_mr.drc:656
    Edges: 0 (flat)  0 (hierarchical)
    Elapsed: 0.000s  Memory: 4174.00M
"interacting" in: sky130A_mr.drc:655
    Polygons (raw): 0 (flat)  0 (hierarchical)
    Elapsed: 0.010s  Memory: 4174.00M
"output" in: sky130A_mr.drc:657
    Polygons (raw): 0 (flat)  0 (hierarchical)
    Elapsed: 0.000s  Memory: 4174.00M
"space" in: sky130A_mr.drc:659
    Edge pairs: 0 (flat)  0 (hierarchical)
    Elapsed: 73.320s  Memory: 4869.00M
"polygons" in: sky130A_mr.drc:659
    Polygons (raw): 0 (flat)  0 (hierarchical)
    Elapsed: 0.020s  Memory: 4225.00M
"interacting" in: sky130A_mr.drc:659
    Polygons (raw): 0 (flat)  0 (hierarchical)
    Elapsed: 0.000s  Memory: 4225.00M
"edges" in: sky130A_mr.drc:661
    Edges: 0 (flat)  0 (hierarchical)
    Elapsed: 0.000s  Memory: 4225.00M
"outside_part" in: sky130A_mr.drc:661
    Edges: 0 (flat)  0 (hierarchical)
    Elapsed: 0.000s  Memory: 4225.00M
"interacting" in: sky130A_mr.drc:660
    Polygons (raw): 0 (flat)  0 (hierarchical)
    Elapsed: 0.010s  Memory: 4225.00M
"output" in: sky130A_mr.drc:662
    Polygons (raw): 0 (flat)  0 (hierarchical)
    Elapsed: 0.000s  Memory: 4225.00M
"inside" in: sky130A_mr.drc:664
    Polygons (raw): 0 (flat)  0 (hierarchical)
    Elapsed: 0.000s  Memory: 4225.00M
"width" in: sky130A_mr.drc:665
    Edge pairs: 0 (flat)  0 (hierarchical)
    Elapsed: 0.000s  Memory: 4225.00M
"output" in: sky130A_mr.drc:666
    Edge pairs: 0 (flat)  0 (hierarchical)
    Elapsed: 0.000s  Memory: 4225.00M
"inside" in: sky130A_mr.drc:668
    Polygons (raw): 0 (flat)  0 (hierarchical)
    Elapsed: 0.030s  Memory: 4225.00M
"space" in: sky130A_mr.drc:669
    Edge pairs: 0 (flat)  0 (hierarchical)
    Elapsed: 0.000s  Memory: 4225.00M
"output" in: sky130A_mr.drc:670
    Edge pairs: 0 (flat)  0 (hierarchical)
    Elapsed: 0.000s  Memory: 4225.00M
"inside" in: sky130A_mr.drc:672
    Polygons (raw): 0 (flat)  0 (hierarchical)
    Elapsed: 0.000s  Memory: 4225.00M
"space" in: sky130A_mr.drc:673
    Edge pairs: 0 (flat)  0 (hierarchical)
    Elapsed: 0.000s  Memory: 4225.00M
"with_internal_angle" in: sky130A_mr.drc:674
    Edge pairs: 0 (flat)  0 (hierarchical)
    Elapsed: 0.000s  Memory: 4225.00M
"output" in: sky130A_mr.drc:675
    Edge pairs: 0 (flat)  0 (hierarchical)
    Elapsed: 0.030s  Memory: 4225.00M
END: 93/44 (nsdm)
START: 94/20 (psdm)
"-" in: sky130A_mr.drc:735
    Polygons (raw): 1738936 (flat)  1519 (hierarchical)
    Elapsed: 0.010s  Memory: 4225.00M
"space" in: sky130A_mr.drc:736
    Edge pairs: 0 (flat)  0 (hierarchical)
    Elapsed: 77.500s  Memory: 4721.00M
"output" in: sky130A_mr.drc:737
    Edge pairs: 0 (flat)  0 (hierarchical)
    Elapsed: 0.460s  Memory: 4453.00M
"outside" in: sky130A_mr.drc:739
    Polygons (raw): 1738936 (flat)  1519 (hierarchical)
    Elapsed: 0.040s  Memory: 4453.00M
"width" in: sky130A_mr.drc:740
    Edge pairs: 0 (flat)  0 (hierarchical)
    Elapsed: 35.800s  Memory: 4455.00M
"output" in: sky130A_mr.drc:741
    Edge pairs: 0 (flat)  0 (hierarchical)
    Elapsed: 0.460s  Memory: 4455.00M
"width" in: sky130A_mr.drc:743
    Edge pairs: 0 (flat)  0 (hierarchical)
    Elapsed: 34.970s  Memory: 4465.00M
"polygons" in: sky130A_mr.drc:743
    Polygons (raw): 0 (flat)  0 (hierarchical)
    Elapsed: 0.020s  Memory: 4465.00M
"interacting" in: sky130A_mr.drc:743
    Polygons (raw): 0 (flat)  0 (hierarchical)
    Elapsed: 0.000s  Memory: 4465.00M
"edges" in: sky130A_mr.drc:745
    Edges: 0 (flat)  0 (hierarchical)
    Elapsed: 0.000s  Memory: 4465.00M
"outside_part" in: sky130A_mr.drc:745
    Edges: 0 (flat)  0 (hierarchical)
    Elapsed: 0.010s  Memory: 4465.00M
"interacting" in: sky130A_mr.drc:744
    Polygons (raw): 0 (flat)  0 (hierarchical)
    Elapsed: 0.000s  Memory: 4465.00M
"output" in: sky130A_mr.drc:746
    Polygons (raw): 0 (flat)  0 (hierarchical)
    Elapsed: 0.000s  Memory: 4465.00M
"space" in: sky130A_mr.drc:748
    Edge pairs: 0 (flat)  0 (hierarchical)
    Elapsed: 72.820s  Memory: 4859.00M
"polygons" in: sky130A_mr.drc:748
    Polygons (raw): 0 (flat)  0 (hierarchical)
    Elapsed: 0.030s  Memory: 4414.00M
"interacting" in: sky130A_mr.drc:748
    Polygons (raw): 0 (flat)  0 (hierarchical)
    Elapsed: 0.000s  Memory: 4414.00M
"edges" in: sky130A_mr.drc:750
    Edges: 0 (flat)  0 (hierarchical)
    Elapsed: 0.000s  Memory: 4414.00M
"outside_part" in: sky130A_mr.drc:750
    Edges: 0 (flat)  0 (hierarchical)
    Elapsed: 0.010s  Memory: 4414.00M
"interacting" in: sky130A_mr.drc:749
    Polygons (raw): 0 (flat)  0 (hierarchical)
    Elapsed: 0.000s  Memory: 4414.00M
"output" in: sky130A_mr.drc:751
    Polygons (raw): 0 (flat)  0 (hierarchical)
    Elapsed: 0.000s  Memory: 4414.00M
"inside" in: sky130A_mr.drc:753
    Polygons (raw): 0 (flat)  0 (hierarchical)
    Elapsed: 0.000s  Memory: 4414.00M
"width" in: sky130A_mr.drc:754
    Edge pairs: 0 (flat)  0 (hierarchical)
    Elapsed: 0.000s  Memory: 4414.00M
"output" in: sky130A_mr.drc:755
    Edge pairs: 0 (flat)  0 (hierarchical)
    Elapsed: 0.000s  Memory: 4414.00M
"inside" in: sky130A_mr.drc:757
    Polygons (raw): 0 (flat)  0 (hierarchical)
    Elapsed: 0.030s  Memory: 4414.00M
"space" in: sky130A_mr.drc:758
    Edge pairs: 0 (flat)  0 (hierarchical)
    Elapsed: 0.000s  Memory: 4414.00M
"output" in: sky130A_mr.drc:759
    Edge pairs: 0 (flat)  0 (hierarchical)
    Elapsed: 0.000s  Memory: 4414.00M
"inside" in: sky130A_mr.drc:761
    Polygons (raw): 0 (flat)  0 (hierarchical)
    Elapsed: 0.000s  Memory: 4414.00M
"space" in: sky130A_mr.drc:762
    Edge pairs: 0 (flat)  0 (hierarchical)
    Elapsed: 0.000s  Memory: 4414.00M
"with_internal_angle" in: sky130A_mr.drc:763
    Edge pairs: 0 (flat)  0 (hierarchical)
    Elapsed: 0.010s  Memory: 4414.00M
"output" in: sky130A_mr.drc:764
    Edge pairs: 0 (flat)  0 (hierarchical)
    Elapsed: 0.030s  Memory: 4414.00M
"&" in: sky130A_mr.drc:769
    Polygons (raw): 0 (flat)  0 (hierarchical)
    Elapsed: 16.320s  Memory: 4552.00M
"&" in: sky130A_mr.drc:770
    Polygons (raw): 0 (flat)  0 (hierarchical)
    Elapsed: 0.020s  Memory: 4412.00M
"output" in: sky130A_mr.drc:771
    Polygons (raw): 0 (flat)  0 (hierarchical)
    Elapsed: 0.000s  Memory: 4412.00M
END: 94/20 (psdm)
START: 66/44 (licon)
"&" in: sky130A_mr.drc:781
    Polygons (raw): 0 (flat)  0 (hierarchical)
    Elapsed: 0.000s  Memory: 4412.00M
"&" in: sky130A_mr.drc:782
    Polygons (raw): 0 (flat)  0 (hierarchical)
    Elapsed: 0.000s  Memory: 4412.00M
"&" in: sky130A_mr.drc:782
    Polygons (raw): 0 (flat)  0 (hierarchical)
    Elapsed: 0.000s  Memory: 4412.00M
"outside" in: sky130A_mr.drc:783
    Polygons (raw): 14542948 (flat)  159122 (hierarchical)
    Elapsed: 0.010s  Memory: 4412.00M
"drc" in: sky130A_mr.drc:785
    Polygons (raw): 14428577 (flat)  167341 (hierarchical)
    Elapsed: 23.280s  Memory: 4409.00M
"-" in: sky130A_mr.drc:786
    Polygons (raw): 56 (flat)  56 (hierarchical)
    Elapsed: 0.850s  Memory: 4413.00M
"drc" in: sky130A_mr.drc:787
    Polygons (raw): 56 (flat)  56 (hierarchical)
    Elapsed: 10.030s  Memory: 4461.00M
"drc" in: sky130A_mr.drc:797
    Polygons (raw): 0 (flat)  0 (hierarchical)
    Elapsed: 9.470s  Memory: 4401.00M
"-" in: sky130A_mr.drc:798
    Polygons (raw): 14542948 (flat)  159122 (hierarchical)
    Elapsed: 0.040s  Memory: 4401.00M
"non_rectangles" in: sky130A_mr.drc:802
    Polygons (raw): 0 (flat)  0 (hierarchical)
    Elapsed: 9.990s  Memory: 4373.00M
"output" in: sky130A_mr.drc:802
    Polygons (raw): 0 (flat)  0 (hierarchical)
    Elapsed: 0.030s  Memory: 4377.00M
"|" in: sky130A_mr.drc:806
    Polygons (raw): 1 (flat)  1 (hierarchical)
    Elapsed: 0.200s  Memory: 4377.00M
"&" in: sky130A_mr.drc:806
    Polygons (raw): 28 (flat)  28 (hierarchical)
    Elapsed: 0.300s  Memory: 4377.00M
"interacting" in: sky130A_mr.drc:806
    Polygons (raw): 1306 (flat)  68 (hierarchical)
    Elapsed: 2.850s  Memory: 4381.00M
"&" in: sky130A_mr.drc:806
    Polygons (raw): 28 (flat)  28 (hierarchical)
    Elapsed: 0.260s  Memory: 4381.00M
"-" in: sky130A_mr.drc:807
    Polygons (raw): 14542892 (flat)  159066 (hierarchical)
    Elapsed: 3.290s  Memory: 4382.00M
"space" in: sky130A_mr.drc:807
    Edge pairs: 0 (flat)  0 (hierarchical)
    Elapsed: 14.970s  Memory: 4522.00M
"output" in: sky130A_mr.drc:807
    Edge pairs: 0 (flat)  0 (hierarchical)
    Elapsed: 0.490s  Memory: 4434.00M
"-" in: sky130A_mr.drc:811
    Polygons (raw): 14542892 (flat)  159066 (hierarchical)
    Elapsed: 3.160s  Memory: 4378.00M
"drc" in: sky130A_mr.drc:812
    Edges: 0 (flat)  0 (hierarchical)
    Elapsed: 22.100s  Memory: 4435.00M
"output" in: sky130A_mr.drc:812
    Edges: 0 (flat)  0 (hierarchical)
    Elapsed: 0.020s  Memory: 4435.00M
"&" in: sky130A_mr.drc:817
    Polygons (raw): 11691161 (flat)  143233 (hierarchical)
    Elapsed: 643.010s  Memory: 4837.00M
"separation" in: sky130A_mr.drc:818
    Edge pairs: 0 (flat)  0 (hierarchical)
    Elapsed: 22.170s  Memory: 4798.00M
"output" in: sky130A_mr.drc:819
    Edge pairs: 0 (flat)  0 (hierarchical)
    Elapsed: 0.450s  Memory: 4798.00M
"&" in: sky130A_mr.drc:824
    Polygons (raw): 11691161 (flat)  143233 (hierarchical)
    Elapsed: 645.250s  Memory: 4912.00M
"&" in: sky130A_mr.drc:825
    Polygons (raw): 0 (flat)  0 (hierarchical)
    Elapsed: 11.260s  Memory: 4913.00M
"output" in: sky130A_mr.drc:826
    Polygons (raw): 0 (flat)  0 (hierarchical)
    Elapsed: 0.460s  Memory: 4550.00M
"&" in: sky130A_mr.drc:831
    Polygons (raw): 2851787 (flat)  15889 (hierarchical)
    Elapsed: 11.800s  Memory: 4550.00M
"&" in: sky130A_mr.drc:832
    Polygons (raw): 0 (flat)  0 (hierarchical)
    Elapsed: 182.730s  Memory: 4819.00M
"output" in: sky130A_mr.drc:833
    Polygons (raw): 0 (flat)  0 (hierarchical)
    Elapsed: 0.500s  Memory: 4497.00M
"-" in: sky130A_mr.drc:837
    Polygons (raw): 5848981 (flat)  13652 (hierarchical)
    Elapsed: 61.310s  Memory: 4941.00M
"&" in: sky130A_mr.drc:838
    Polygons (raw): 11691161 (flat)  143233 (hierarchical)
    Elapsed: 18.560s  Memory: 4941.00M
"interacting" in: sky130A_mr.drc:838
    Polygons (raw): 11579632 (flat)  151239 (hierarchical)
    Elapsed: 15.680s  Memory: 4950.00M
"-" in: sky130A_mr.drc:840
    Polygons (raw): 2851787 (flat)  15889 (hierarchical)
    Elapsed: 12.610s  Memory: 4950.00M
"-" in: sky130A_mr.drc:840
    Polygons (raw): 2851787 (flat)  15889 (hierarchical)
    Elapsed: 12.040s  Memory: 4985.00M
"&" in: sky130A_mr.drc:840
    Polygons (raw): 2851787 (flat)  15889 (hierarchical)
    Elapsed: 8.380s  Memory: 4985.00M
"interacting" in: sky130A_mr.drc:840
    Polygons (raw): 2849001 (flat)  16158 (hierarchical)
    Elapsed: 17.060s  Memory: 4997.00M
"&" in: sky130A_mr.drc:841
    Polygons (raw): 0 (flat)  0 (hierarchical)
    Elapsed: 0.480s  Memory: 4997.00M
"enclosing" in: sky130A_mr.drc:842
    Edge pairs: 0 (flat)  0 (hierarchical)
    Elapsed: 0.000s  Memory: 4997.00M
"output" in: sky130A_mr.drc:842
    Edge pairs: 0 (flat)  0 (hierarchical)
    Elapsed: 0.030s  Memory: 4997.00M
"-" in: sky130A_mr.drc:846
    Polygons (raw): 0 (flat)  0 (hierarchical)
    Elapsed: 0.000s  Memory: 4997.00M
"output" in: sky130A_mr.drc:846
    Polygons (raw): 0 (flat)  0 (hierarchical)
    Elapsed: 0.000s  Memory: 4997.00M
"outside" in: sky130A_mr.drc:853
    Polygons (raw): 14428633 (flat)  167397 (hierarchical)
    Elapsed: 4.170s  Memory: 4997.00M
"with_angle" in: sky130A_mr.drc:854
    Edge pairs: 0 (flat)  0 (hierarchical)
    Elapsed: 0.100s  Memory: 4997.00M
"output" in: sky130A_mr.drc:854
    Edge pairs: 0 (flat)  0 (hierarchical)
    Elapsed: 0.000s  Memory: 4997.00M
"outside" in: sky130A_mr.drc:860
    Polygons (raw): 0 (flat)  0 (hierarchical)
    Elapsed: 0.760s  Memory: 4997.00M
"output" in: sky130A_mr.drc:861
    Polygons (raw): 0 (flat)  0 (hierarchical)
    Elapsed: 0.040s  Memory: 4997.00M
"|" in: sky130A_mr.drc:866
    Polygons (raw): 1 (flat)  1 (hierarchical)
    Elapsed: 0.210s  Memory: 4997.00M
"interacting" in: sky130A_mr.drc:866
    Polygons (raw): 0 (flat)  0 (hierarchical)
    Elapsed: 11.680s  Memory: 4981.00M
"output" in: sky130A_mr.drc:867
    Polygons (raw): 0 (flat)  0 (hierarchical)
    Elapsed: 0.160s  Memory: 4981.00M
"drc" in: sky130A_mr.drc:873
    Edges: 112 (flat)  112 (hierarchical)
    Elapsed: 0.210s  Memory: 4981.00M
"space" in: sky130A_mr.drc:873
    Edge pairs: 0 (flat)  0 (hierarchical)
    Elapsed: 0.920s  Memory: 5015.00M
"output" in: sky130A_mr.drc:873
    Edge pairs: 0 (flat)  0 (hierarchical)
    Elapsed: 0.160s  Memory: 5015.00M
"drc" in: sky130A_mr.drc:880
    Edges: 112 (flat)  112 (hierarchical)
    Elapsed: 0.200s  Memory: 5015.00M
"space" in: sky130A_mr.drc:880
    Edge pairs: 0 (flat)  0 (hierarchical)
    Elapsed: 0.910s  Memory: 5015.00M
"output" in: sky130A_mr.drc:880
    Edge pairs: 0 (flat)  0 (hierarchical)
    Elapsed: 0.170s  Memory: 5015.00M
"separation" in: sky130A_mr.drc:886
    Edge pairs: 0 (flat)  0 (hierarchical)
    Elapsed: 0.330s  Memory: 5015.00M
"output" in: sky130A_mr.drc:886
    Edge pairs: 0 (flat)  0 (hierarchical)
    Elapsed: 0.030s  Memory: 5015.00M
"space" in: sky130A_mr.drc:899
    Edge pairs: 0 (flat)  0 (hierarchical)
    Elapsed: 0.270s  Memory: 5015.00M
"polygons" in: sky130A_mr.drc:902
    Polygons (raw): 0 (flat)  0 (hierarchical)
    Elapsed: 0.020s  Memory: 5015.00M
"sized" in: sky130A_mr.drc:902
    Polygons (raw): 0 (flat)  0 (hierarchical)
    Elapsed: 0.020s  Memory: 5015.00M
"interacting" in: sky130A_mr.drc:905
    Polygons (raw): 0 (flat)  0 (hierarchical)
    Elapsed: 0.030s  Memory: 5015.00M
"-" in: sky130A_mr.drc:912
    Polygons (raw): 56 (flat)  56 (hierarchical)
    Elapsed: 0.030s  Memory: 5015.00M
"sized" in: sky130A_mr.drc:915
    Polygons (raw): 56 (flat)  56 (hierarchical)
    Elapsed: 0.900s  Memory: 5015.00M
"space" in: sky130A_mr.drc:919
    Edge pairs: 0 (flat)  0 (hierarchical)
    Elapsed: 0.320s  Memory: 5015.00M
"output" in: sky130A_mr.drc:919
    Edge pairs: 0 (flat)  0 (hierarchical)
    Elapsed: 0.000s  Memory: 5015.00M
"space" in: sky130A_mr.drc:927
    Edge pairs: 0 (flat)  0 (hierarchical)
    Elapsed: 0.030s  Memory: 5015.00M
"with_internal_angle" in: sky130A_mr.drc:927
    Edge pairs: 0 (flat)  0 (hierarchical)
    Elapsed: 0.010s  Memory: 5015.00M
"output" in: sky130A_mr.drc:927
    Edge pairs: 0 (flat)  0 (hierarchical)
    Elapsed: 0.000s  Memory: 5015.00M
"&" in: sky130A_mr.drc:933
    Polygons (raw): 2563112 (flat)  127409 (hierarchical)
    Elapsed: 9.660s  Memory: 5015.00M
"separation" in: sky130A_mr.drc:934
    Edge pairs: 0 (flat)  0 (hierarchical)
    Elapsed: 8.160s  Memory: 4990.00M
"output" in: sky130A_mr.drc:934
    Edge pairs: 0 (flat)  0 (hierarchical)
    Elapsed: 0.030s  Memory: 4990.00M
"&" in: sky130A_mr.drc:940
    Polygons (raw): 2851787 (flat)  15889 (hierarchical)
    Elapsed: 11.840s  Memory: 5059.00M
"separation" in: sky130A_mr.drc:941
    Edge pairs: 0 (flat)  0 (hierarchical)
    Elapsed: 17.490s  Memory: 5094.00M
"output" in: sky130A_mr.drc:941
    Edge pairs: 0 (flat)  0 (hierarchical)
    Elapsed: 0.030s  Memory: 5094.00M
"&" in: sky130A_mr.drc:947
    Polygons (raw): 11691161 (flat)  143233 (hierarchical)
    Elapsed: 642.930s  Memory: 5397.00M
"outside" in: sky130A_mr.drc:948
    Polygons (raw): 2970215 (flat)  136736 (hierarchical)
    Elapsed: 23.860s  Memory: 5247.00M
"separation" in: sky130A_mr.drc:949
    Edge pairs: 0 (flat)  0 (hierarchical)
    Elapsed: 0.600s  Memory: 5247.00M
"output" in: sky130A_mr.drc:949
    Edge pairs: 0 (flat)  0 (hierarchical)
    Elapsed: 0.030s  Memory: 5247.00M
"drc" in: sky130A_mr.drc:955
    Polygons (raw): 0 (flat)  0 (hierarchical)
    Elapsed: 11.220s  Memory: 5247.00M
"drc" in: sky130A_mr.drc:956
    Edges: 0 (flat)  0 (hierarchical)
    Elapsed: 0.540s  Memory: 5281.00M
"output" in: sky130A_mr.drc:956
    Edges: 0 (flat)  0 (hierarchical)
    Elapsed: 0.020s  Memory: 5281.00M
"drc" in: sky130A_mr.drc:962
    Edges: 0 (flat)  0 (hierarchical)
    Elapsed: 0.070s  Memory: 5281.00M
"output" in: sky130A_mr.drc:962
    Edges: 0 (flat)  0 (hierarchical)
    Elapsed: 0.000s  Memory: 5281.00M
"drc" in: sky130A_mr.drc:966
    Polygons (raw): 0 (flat)  0 (hierarchical)
    Elapsed: 0.280s  Memory: 5281.00M
"output" in: sky130A_mr.drc:966
    Polygons (raw): 0 (flat)  0 (hierarchical)
    Elapsed: 0.000s  Memory: 5281.00M
END: 66/44 (licon)
START: 61/20 (nsm)
"space" in: sky130A_mr.drc:975
    Edge pairs: 0 (flat)  0 (hierarchical)
    Elapsed: 0.200s  Memory: 5281.00M
"output" in: sky130A_mr.drc:975
    Edge pairs: 0 (flat)  0 (hierarchical)
    Elapsed: 0.030s  Memory: 5281.00M
"width" in: sky130A_mr.drc:976
    Edge pairs: 0 (flat)  0 (hierarchical)
    Elapsed: 0.720s  Memory: 5281.00M
"output" in: sky130A_mr.drc:976
    Edge pairs: 0 (flat)  0 (hierarchical)
    Elapsed: 0.020s  Memory: 5281.00M
END: 61/20 (nsm)
START: 89/44 (capm)
"width" in: sky130A_mr.drc:981
    Edge pairs: 0 (flat)  0 (hierarchical)
    Elapsed: 0.880s  Memory: 5281.00M
"output" in: sky130A_mr.drc:981
    Edge pairs: 0 (flat)  0 (hierarchical)
    Elapsed: 0.030s  Memory: 5281.00M
"space" in: sky130A_mr.drc:985
    Edge pairs: 0 (flat)  0 (hierarchical)
    Elapsed: 0.290s  Memory: 5281.00M
"output" in: sky130A_mr.drc:985
    Edge pairs: 0 (flat)  0 (hierarchical)
    Elapsed: 0.020s  Memory: 5281.00M
"&" in: sky130A_mr.drc:989
    Polygons (raw): 1 (flat)  1 (hierarchical)
    Elapsed: 0.260s  Memory: 5281.00M
"sized" in: sky130A_mr.drc:989
    Polygons (raw): 1 (flat)  1 (hierarchical)
    Elapsed: 0.920s  Memory: 5281.00M
"isolated" in: sky130A_mr.drc:991
    Edge pairs: 0 (flat)  0 (hierarchical)
    Elapsed: 1.070s  Memory: 5281.00M
"polygons" in: sky130A_mr.drc:992
    Polygons (raw): 0 (flat)  0 (hierarchical)
    Elapsed: 0.030s  Memory: 5281.00M
"-" in: sky130A_mr.drc:993
    Polygons (raw): 0 (flat)  0 (hierarchical)
    Elapsed: 0.010s  Memory: 5281.00M
"output" in: sky130A_mr.drc:994
    Polygons (raw): 0 (flat)  0 (hierarchical)
    Elapsed: 0.000s  Memory: 5281.00M
"not_interacting" in: sky130A_mr.drc:995
    Polygons (raw): 73206 (flat)  62113 (hierarchical)
    Elapsed: 3.170s  Memory: 5240.00M
"separation" in: sky130A_mr.drc:995
    Edge pairs: 0 (flat)  0 (hierarchical)
    Elapsed: 0.520s  Memory: 5240.00M
"output" in: sky130A_mr.drc:999
    Edge pairs: 0 (flat)  0 (hierarchical)
    Elapsed: 0.200s  Memory: 5240.00M
"enclosing" in: sky130A_mr.drc:1004
    Edge pairs: 0 (flat)  0 (hierarchical)
    Elapsed: 0.510s  Memory: 5240.00M
"output" in: sky130A_mr.drc:1004
    Edge pairs: 0 (flat)  0 (hierarchical)
    Elapsed: 0.030s  Memory: 5240.00M
"enclosing" in: sky130A_mr.drc:1008
    Edge pairs: 0 (flat)  0 (hierarchical)
    Elapsed: 0.320s  Memory: 5240.00M
"output" in: sky130A_mr.drc:1008
    Edge pairs: 0 (flat)  0 (hierarchical)
    Elapsed: 0.020s  Memory: 5240.00M
"separation" in: sky130A_mr.drc:1012
    Edge pairs: 0 (flat)  0 (hierarchical)
    Elapsed: 0.320s  Memory: 5240.00M
"output" in: sky130A_mr.drc:1012
    Edge pairs: 0 (flat)  0 (hierarchical)
    Elapsed: 0.020s  Memory: 5240.00M
"not_interacting" in: sky130A_mr.drc:1016
    Polygons (raw): 73206 (flat)  62113 (hierarchical)
    Elapsed: 0.760s  Memory: 5240.00M
"separation" in: sky130A_mr.drc:1016
    Edge pairs: 0 (flat)  0 (hierarchical)
    Elapsed: 0.510s  Memory: 5240.00M
"output" in: sky130A_mr.drc:1016
    Edge pairs: 0 (flat)  0 (hierarchical)
    Elapsed: 0.200s  Memory: 5240.00M
END: 89/44 (capm)
START: 97/44 (cap2m)
"width" in: sky130A_mr.drc:1024
    Edge pairs: 0 (flat)  0 (hierarchical)
    Elapsed: 0.870s  Memory: 5281.00M
"output" in: sky130A_mr.drc:1024
    Edge pairs: 0 (flat)  0 (hierarchical)
    Elapsed: 0.020s  Memory: 5281.00M
"space" in: sky130A_mr.drc:1028
    Edge pairs: 0 (flat)  0 (hierarchical)
    Elapsed: 0.260s  Memory: 5281.00M
"output" in: sky130A_mr.drc:1028
    Edge pairs: 0 (flat)  0 (hierarchical)
    Elapsed: 0.020s  Memory: 5281.00M
"interacting" in: sky130A_mr.drc:1033
    Polygons (raw): 1 (flat)  1 (hierarchical)
    Elapsed: 2.120s  Memory: 5281.00M
"isolated" in: sky130A_mr.drc:1034
    Edge pairs: 0 (flat)  0 (hierarchical)
    Elapsed: 0.310s  Memory: 5281.00M
"output" in: sky130A_mr.drc:1035
    Edge pairs: 0 (flat)  0 (hierarchical)
    Elapsed: 0.000s  Memory: 5281.00M
"interacting" in: sky130A_mr.drc:1036
    Polygons (raw): 1 (flat)  1 (hierarchical)
    Elapsed: 0.630s  Memory: 5281.00M
"isolated" in: sky130A_mr.drc:1036
    Edge pairs: 0 (flat)  0 (hierarchical)
    Elapsed: 0.310s  Memory: 5281.00M
"output" in: sky130A_mr.drc:1036
    Edge pairs: 0 (flat)  0 (hierarchical)
    Elapsed: 0.000s  Memory: 5281.00M
"&" in: sky130A_mr.drc:1041
    Polygons (raw): 1 (flat)  1 (hierarchical)
    Elapsed: 0.430s  Memory: 5281.00M
"enclosing" in: sky130A_mr.drc:1042
    Edge pairs: 0 (flat)  0 (hierarchical)
    Elapsed: 0.960s  Memory: 5281.00M
"output" in: sky130A_mr.drc:1043
    Edge pairs: 0 (flat)  0 (hierarchical)
    Elapsed: 0.170s  Memory: 5281.00M
"enclosing" in: sky130A_mr.drc:1044
    Edge pairs: 0 (flat)  0 (hierarchical)
    Elapsed: 0.470s  Memory: 5281.00M
"output" in: sky130A_mr.drc:1044
    Edge pairs: 0 (flat)  0 (hierarchical)
    Elapsed: 0.030s  Memory: 5281.00M
"enclosing" in: sky130A_mr.drc:1048
    Edge pairs: 0 (flat)  0 (hierarchical)
    Elapsed: 0.310s  Memory: 5281.00M
"output" in: sky130A_mr.drc:1048
    Edge pairs: 0 (flat)  0 (hierarchical)
    Elapsed: 0.020s  Memory: 5281.00M
"separation" in: sky130A_mr.drc:1052
    Edge pairs: 0 (flat)  0 (hierarchical)
    Elapsed: 0.300s  Memory: 5281.00M
"output" in: sky130A_mr.drc:1052
    Edge pairs: 0 (flat)  0 (hierarchical)
    Elapsed: 0.020s  Memory: 5281.00M
"not_interacting" in: sky130A_mr.drc:1056
    Polygons (raw): 6406 (flat)  5540 (hierarchical)
    Elapsed: 0.560s  Memory: 5281.00M
"separation" in: sky130A_mr.drc:1056
    Edge pairs: 0 (flat)  0 (hierarchical)
    Elapsed: 0.510s  Memory: 5281.00M
"output" in: sky130A_mr.drc:1056
    Edge pairs: 0 (flat)  0 (hierarchical)
    Elapsed: 0.200s  Memory: 5281.00M
END: 97/44 (cap2m)
FEOL section
START: 75/20 (hvi)
"-" in: sky130A_mr.drc:1649
    Polygons (raw): 54311 (flat)  588 (hierarchical)
    Elapsed: 0.010s  Memory: 5281.00M
"width" in: sky130A_mr.drc:1650
    Edge pairs: 0 (flat)  0 (hierarchical)
    Elapsed: 0.910s  Memory: 5281.00M
"output" in: sky130A_mr.drc:1650
    Edge pairs: 0 (flat)  0 (hierarchical)
    Elapsed: 0.020s  Memory: 5281.00M
"space" in: sky130A_mr.drc:1654
    Edge pairs: 0 (flat)  0 (hierarchical)
    Elapsed: 0.570s  Memory: 5281.00M
"output" in: sky130A_mr.drc:1654
    Edge pairs: 0 (flat)  0 (hierarchical)
    Elapsed: 0.030s  Memory: 5281.00M
END: 75/20 (hvi)
START: 125/20 (hvntm)
"-" in: sky130A_mr.drc:1662
    Polygons (raw): 33 (flat)  16 (hierarchical)
    Elapsed: 0.030s  Memory: 5281.00M
"width" in: sky130A_mr.drc:1663
    Edge pairs: 0 (flat)  0 (hierarchical)
    Elapsed: 0.860s  Memory: 5281.00M
"output" in: sky130A_mr.drc:1663
    Edge pairs: 0 (flat)  0 (hierarchical)
    Elapsed: 0.020s  Memory: 5281.00M
"space" in: sky130A_mr.drc:1667
    Edge pairs: 0 (flat)  0 (hierarchical)
    Elapsed: 0.270s  Memory: 5281.00M
"output" in: sky130A_mr.drc:1667
    Edge pairs: 0 (flat)  0 (hierarchical)
    Elapsed: 0.030s  Memory: 5281.00M
END: 125/20 (hvntm)
Writing report database: /mnt/shuttle/ci2605/fidel-omusilibwa/SenseEdge/tapeout/outputs/klayout_feol_check.xml ..
Total elapsed: 4001.190s  Memory: 5026.00M
Args:
	sram_exclude: false
	feol: true
	beol: false
	floating_met: false
	offgrid: false
	seal: 
 
Cell exclusion list:
   rule    | cell
   nwell.6 | sky130_fd_io__gpiov2_amux, sky130_fd_io__simple_pad_and_busses
 
release 2026.03.30_01.00
