"input" in: sky130A_mr.drc:182
    Polygons (raw): 2463011 (flat)  4086 (hierarchical)
    Elapsed: 0.730s  Memory: 2390.00M
"polygons" in: sky130A_mr.drc:183
    Polygons (raw): 422669 (flat)  1000 (hierarchical)
    Elapsed: 0.570s  Memory: 2390.00M
"polygons" in: sky130A_mr.drc:184
    Polygons (raw): 1526727 (flat)  1209 (hierarchical)
    Elapsed: 0.470s  Memory: 2390.00M
"polygons" in: sky130A_mr.drc:185
    Polygons (raw): 853 (flat)  36 (hierarchical)
    Elapsed: 0.030s  Memory: 2390.00M
"polygons" in: sky130A_mr.drc:186
    Polygons (raw): 0 (flat)  0 (hierarchical)
    Elapsed: 0.000s  Memory: 2390.00M
"polygons" in: sky130A_mr.drc:187
    Polygons (raw): 0 (flat)  0 (hierarchical)
    Elapsed: 0.000s  Memory: 2390.00M
"polygons" in: sky130A_mr.drc:188
    Polygons (raw): 0 (flat)  0 (hierarchical)
    Elapsed: 0.000s  Memory: 2390.00M
"polygons" in: sky130A_mr.drc:189
    Polygons (raw): 0 (flat)  0 (hierarchical)
    Elapsed: 0.000s  Memory: 2390.00M
"polygons" in: sky130A_mr.drc:190
    Polygons (raw): 1426913 (flat)  503 (hierarchical)
    Elapsed: 0.430s  Memory: 2390.00M
"polygons" in: sky130A_mr.drc:191
    Polygons (raw): 0 (flat)  0 (hierarchical)
    Elapsed: 0.020s  Memory: 2390.00M
"polygons" in: sky130A_mr.drc:192
    Polygons (raw): 54311 (flat)  588 (hierarchical)
    Elapsed: 0.180s  Memory: 2390.00M
"polygons" in: sky130A_mr.drc:193
    Polygons (raw): 0 (flat)  0 (hierarchical)
    Elapsed: 0.000s  Memory: 2390.00M
"polygons" in: sky130A_mr.drc:194
    Polygons (raw): 5945 (flat)  40 (hierarchical)
    Elapsed: 0.000s  Memory: 2390.00M
"polygons" in: sky130A_mr.drc:195
    Polygons (raw): 2787034 (flat)  9323 (hierarchical)
    Elapsed: 0.540s  Memory: 2390.00M
"polygons" in: sky130A_mr.drc:196
    Polygons (raw): 33 (flat)  16 (hierarchical)
    Elapsed: 0.190s  Memory: 2390.00M
"polygons" in: sky130A_mr.drc:197
    Polygons (raw): 1767920 (flat)  1721 (hierarchical)
    Elapsed: 0.440s  Memory: 2390.00M
"polygons" in: sky130A_mr.drc:198
    Polygons (raw): 1738936 (flat)  1519 (hierarchical)
    Elapsed: 0.480s  Memory: 2390.00M
"polygons" in: sky130A_mr.drc:199
    Polygons (raw): 0 (flat)  0 (hierarchical)
    Elapsed: 0.030s  Memory: 2390.00M
"polygons" in: sky130A_mr.drc:200
    Polygons (raw): 1 (flat)  1 (hierarchical)
    Elapsed: 0.160s  Memory: 2390.00M
"polygons" in: sky130A_mr.drc:201
    Polygons (raw): 891764 (flat)  2107 (hierarchical)
    Elapsed: 0.500s  Memory: 2390.00M
"polygons" in: sky130A_mr.drc:202
    Polygons (raw): 14542948 (flat)  159122 (hierarchical)
    Elapsed: 0.650s  Memory: 2390.00M
"polygons" in: sky130A_mr.drc:204
    Polygons (raw): 7851878 (flat)  476564 (hierarchical)
    Elapsed: 0.980s  Memory: 2390.00M
"polygons" in: sky130A_mr.drc:205
    Polygons (raw): 0 (flat)  0 (hierarchical)
    Elapsed: 0.020s  Memory: 2390.00M
"polygons" in: sky130A_mr.drc:206
    Polygons (raw): 20853187 (flat)  626213 (hierarchical)
    Elapsed: 0.990s  Memory: 2390.00M
"polygons" in: sky130A_mr.drc:208
    Polygons (raw): 5841377 (flat)  2145745 (hierarchical)
    Elapsed: 2.670s  Memory: 2406.00M
"polygons" in: sky130A_mr.drc:209
    Polygons (raw): 1726169 (flat)  956356 (hierarchical)
    Elapsed: 1.530s  Memory: 2419.00M
"polygons" in: sky130A_mr.drc:211
    Polygons (raw): 1329426 (flat)  1032110 (hierarchical)
    Elapsed: 1.720s  Memory: 2432.00M
"polygons" in: sky130A_mr.drc:212
    Polygons (raw): 1055599 (flat)  382535 (hierarchical)
    Elapsed: 0.980s  Memory: 2439.00M
"polygons" in: sky130A_mr.drc:214
    Polygons (raw): 236346 (flat)  181643 (hierarchical)
    Elapsed: 0.790s  Memory: 2443.00M
"polygons" in: sky130A_mr.drc:215
    Polygons (raw): 984551 (flat)  467438 (hierarchical)
    Elapsed: 1.010s  Memory: 2450.00M
"polygons" in: sky130A_mr.drc:217
    Polygons (raw): 78093 (flat)  20949 (hierarchical)
    Elapsed: 0.600s  Memory: 2456.00M
"polygons" in: sky130A_mr.drc:218
    Polygons (raw): 262281 (flat)  48929 (hierarchical)
    Elapsed: 0.240s  Memory: 2456.00M
"polygons" in: sky130A_mr.drc:220
    Polygons (raw): 24210 (flat)  1990 (hierarchical)
    Elapsed: 0.200s  Memory: 2456.00M
"polygons" in: sky130A_mr.drc:222
    Polygons (raw): 107 (flat)  1 (hierarchical)
    Elapsed: 0.030s  Memory: 2456.00M
"polygons" in: sky130A_mr.drc:223
    Polygons (raw): 36 (flat)  9 (hierarchical)
    Elapsed: 0.000s  Memory: 2456.00M
"polygons" in: sky130A_mr.drc:224
    Polygons (raw): 1 (flat)  1 (hierarchical)
    Elapsed: 0.170s  Memory: 2456.00M
"polygons" in: sky130A_mr.drc:225
    Polygons (raw): 1 (flat)  1 (hierarchical)
    Elapsed: 0.190s  Memory: 2456.00M
"polygons" in: sky130A_mr.drc:226
    Polygons (raw): 0 (flat)  0 (hierarchical)
    Elapsed: 0.020s  Memory: 2456.00M
"polygons" in: sky130A_mr.drc:227
    Polygons (raw): 0 (flat)  0 (hierarchical)
    Elapsed: 0.000s  Memory: 2456.00M
"polygons" in: sky130A_mr.drc:228
    Polygons (raw): 0 (flat)  0 (hierarchical)
    Elapsed: 0.000s  Memory: 2456.00M
"polygons" in: sky130A_mr.drc:229
    Polygons (raw): 0 (flat)  0 (hierarchical)
    Elapsed: 0.000s  Memory: 2456.00M
"polygons" in: sky130A_mr.drc:230
    Polygons (raw): 0 (flat)  0 (hierarchical)
    Elapsed: 0.000s  Memory: 2456.00M
"polygons" in: sky130A_mr.drc:231
    Polygons (raw): 0 (flat)  0 (hierarchical)
    Elapsed: 0.000s  Memory: 2456.00M
"polygons" in: sky130A_mr.drc:232
    Polygons (raw): 0 (flat)  0 (hierarchical)
    Elapsed: 0.000s  Memory: 2456.00M
"polygons" in: sky130A_mr.drc:233
    Polygons (raw): 0 (flat)  0 (hierarchical)
    Elapsed: 0.000s  Memory: 2456.00M
"polygons" in: sky130A_mr.drc:234
    Polygons (raw): 0 (flat)  0 (hierarchical)
    Elapsed: 0.000s  Memory: 2456.00M
"polygons" in: sky130A_mr.drc:235
    Polygons (raw): 107 (flat)  1 (hierarchical)
    Elapsed: 0.000s  Memory: 2456.00M
"polygons" in: sky130A_mr.drc:236
    Polygons (raw): 0 (flat)  0 (hierarchical)
    Elapsed: 0.000s  Memory: 2456.00M
"polygons" in: sky130A_mr.drc:237
    Polygons (raw): 24 (flat)  6 (hierarchical)
    Elapsed: 0.000s  Memory: 2456.00M
"polygons" in: sky130A_mr.drc:238
    Polygons (raw): 0 (flat)  0 (hierarchical)
    Elapsed: 0.000s  Memory: 2456.00M
"polygons" in: sky130A_mr.drc:239
    Polygons (raw): 0 (flat)  0 (hierarchical)
    Elapsed: 0.000s  Memory: 2456.00M
"polygons" in: sky130A_mr.drc:240
    Polygons (raw): 1422960 (flat)  489 (hierarchical)
    Elapsed: 0.430s  Memory: 2456.00M
"polygons" in: sky130A_mr.drc:241
    Polygons (raw): 3799 (flat)  133 (hierarchical)
    Elapsed: 0.030s  Memory: 2465.00M
"polygons" in: sky130A_mr.drc:242
    Polygons (raw): 0 (flat)  0 (hierarchical)
    Elapsed: 0.000s  Memory: 2465.00M
"polygons" in: sky130A_mr.drc:243
    Polygons (raw): 2520 (flat)  112 (hierarchical)
    Elapsed: 0.000s  Memory: 2465.00M
"polygons" in: sky130A_mr.drc:244
    Polygons (raw): 0 (flat)  0 (hierarchical)
    Elapsed: 0.000s  Memory: 2465.00M
"polygons" in: sky130A_mr.drc:245
    Polygons (raw): 0 (flat)  0 (hierarchical)
    Elapsed: 0.000s  Memory: 2465.00M
"polygons" in: sky130A_mr.drc:246
    Polygons (raw): 0 (flat)  0 (hierarchical)
    Elapsed: 0.000s  Memory: 2465.00M
"polygons" in: sky130A_mr.drc:247
    Polygons (raw): 0 (flat)  0 (hierarchical)
    Elapsed: 0.000s  Memory: 2465.00M
"polygons" in: sky130A_mr.drc:248
    Polygons (raw): 4 (flat)  4 (hierarchical)
    Elapsed: 0.510s  Memory: 2465.00M
"polygons" in: sky130A_mr.drc:249
    Polygons (raw): 0 (flat)  0 (hierarchical)
    Elapsed: 0.020s  Memory: 2465.00M
"polygons" in: sky130A_mr.drc:250
    Polygons (raw): 0 (flat)  0 (hierarchical)
    Elapsed: 0.000s  Memory: 2465.00M
"polygons" in: sky130A_mr.drc:251
    Polygons (raw): 0 (flat)  0 (hierarchical)
    Elapsed: 0.000s  Memory: 2465.00M
"polygons" in: sky130A_mr.drc:252
    Polygons (raw): 981 (flat)  4 (hierarchical)
    Elapsed: 0.000s  Memory: 2465.00M
"polygons" in: sky130A_mr.drc:253
    Polygons (raw): 107786 (flat)  4 (hierarchical)
    Elapsed: 0.520s  Memory: 2465.00M
"polygons" in: sky130A_mr.drc:254
    Polygons (raw): 0 (flat)  0 (hierarchical)
    Elapsed: 0.020s  Memory: 2465.00M
"polygons" in: sky130A_mr.drc:255
    Polygons (raw): 0 (flat)  0 (hierarchical)
    Elapsed: 0.000s  Memory: 2465.00M
"polygons" in: sky130A_mr.drc:256
    Polygons (raw): 372 (flat)  93 (hierarchical)
    Elapsed: 0.000s  Memory: 2465.00M
"polygons" in: sky130A_mr.drc:257
    Polygons (raw): 8 (flat)  2 (hierarchical)
    Elapsed: 0.000s  Memory: 2465.00M
"polygons" in: sky130A_mr.drc:258
    Polygons (raw): 45 (flat)  8 (hierarchical)
    Elapsed: 0.160s  Memory: 2465.00M
"polygons" in: sky130A_mr.drc:259
    Polygons (raw): 0 (flat)  0 (hierarchical)
    Elapsed: 0.020s  Memory: 2465.00M
"polygons" in: sky130A_mr.drc:260
    Polygons (raw): 0 (flat)  0 (hierarchical)
    Elapsed: 0.000s  Memory: 2465.00M
"polygons" in: sky130A_mr.drc:261
    Polygons (raw): 0 (flat)  0 (hierarchical)
    Elapsed: 0.000s  Memory: 2465.00M
"polygons" in: sky130A_mr.drc:262
    Polygons (raw): 0 (flat)  0 (hierarchical)
    Elapsed: 0.000s  Memory: 2465.00M
"polygons" in: sky130A_mr.drc:263
    Polygons (raw): 0 (flat)  0 (hierarchical)
    Elapsed: 0.000s  Memory: 2465.00M
"polygons" in: sky130A_mr.drc:264
    Polygons (raw): 0 (flat)  0 (hierarchical)
    Elapsed: 0.000s  Memory: 2465.00M
"polygons" in: sky130A_mr.drc:265
    Polygons (raw): 0 (flat)  0 (hierarchical)
    Elapsed: 0.000s  Memory: 2465.00M
"polygons" in: sky130A_mr.drc:266
    Polygons (raw): 0 (flat)  0 (hierarchical)
    Elapsed: 0.000s  Memory: 2465.00M
"polygons" in: sky130A_mr.drc:267
    Polygons (raw): 0 (flat)  0 (hierarchical)
    Elapsed: 0.000s  Memory: 2465.00M
"polygons" in: sky130A_mr.drc:268
    Polygons (raw): 0 (flat)  0 (hierarchical)
    Elapsed: 0.000s  Memory: 2465.00M
"polygons" in: sky130A_mr.drc:269
    Polygons (raw): 0 (flat)  0 (hierarchical)
    Elapsed: 0.000s  Memory: 2465.00M
"polygons" in: sky130A_mr.drc:270
    Polygons (raw): 0 (flat)  0 (hierarchical)
    Elapsed: 0.000s  Memory: 2465.00M
"polygons" in: sky130A_mr.drc:271
    Polygons (raw): 2878 (flat)  200 (hierarchical)
    Elapsed: 0.180s  Memory: 2465.00M
"polygons" in: sky130A_mr.drc:272
    Polygons (raw): 0 (flat)  0 (hierarchical)
    Elapsed: 0.000s  Memory: 2465.00M
"polygons" in: sky130A_mr.drc:273
    Polygons (raw): 109 (flat)  39 (hierarchical)
    Elapsed: 0.160s  Memory: 2465.00M
"polygons" in: sky130A_mr.drc:274
    Polygons (raw): 0 (flat)  0 (hierarchical)
    Elapsed: 0.020s  Memory: 2465.00M
"polygons" in: sky130A_mr.drc:275
    Polygons (raw): 0 (flat)  0 (hierarchical)
    Elapsed: 0.000s  Memory: 2465.00M
"polygons" in: sky130A_mr.drc:276
    Polygons (raw): 0 (flat)  0 (hierarchical)
    Elapsed: 0.000s  Memory: 2465.00M
"polygons" in: sky130A_mr.drc:277
    Polygons (raw): 0 (flat)  0 (hierarchical)
    Elapsed: 0.000s  Memory: 2465.00M
"merged" in: sky130A_mr.drc:279
    Polygons (raw): 0 (flat)  0 (hierarchical)
    Elapsed: 0.000s  Memory: 2465.00M
DRC section
BEOL section
START: 67/20 (li)
"outside" in: sky130A_mr.drc:1069
    Polygons (raw): 7851878 (flat)  476564 (hierarchical)
    Elapsed: 0.010s  Memory: 2467.00M
"interacting" in: sky130A_mr.drc:1070
    Polygons (raw): 0 (flat)  0 (hierarchical)
    Elapsed: 0.020s  Memory: 2480.00M
"inside" in: sky130A_mr.drc:1070
    Polygons (raw): 0 (flat)  0 (hierarchical)
    Elapsed: 0.000s  Memory: 2480.00M
"-" in: sky130A_mr.drc:1070
    Polygons (raw): 0 (flat)  0 (hierarchical)
    Elapsed: 0.000s  Memory: 2480.00M
"or" in: sky130A_mr.drc:1069
    Polygons (raw): 1168675 (flat)  473349 (hierarchical)
    Elapsed: 101.850s  Memory: 3309.00M
"width" in: sky130A_mr.drc:1072
    Edge pairs: 0 (flat)  0 (hierarchical)
    Elapsed: 12.640s  Memory: 3309.00M
"output" in: sky130A_mr.drc:1072
    Edge pairs: 0 (flat)  0 (hierarchical)
    Elapsed: 0.020s  Memory: 3309.00M
"space" in: sky130A_mr.drc:1076
    Edge pairs: 0 (flat)  0 (hierarchical)
    Elapsed: 431.280s  Memory: 3692.00M
"output" in: sky130A_mr.drc:1076
    Edge pairs: 0 (flat)  0 (hierarchical)
    Elapsed: 0.030s  Memory: 3686.00M
"-" in: sky130A_mr.drc:1080
    Polygons (raw): 14542948 (flat)  159122 (hierarchical)
    Elapsed: 0.010s  Memory: 3686.00M
"enclosing" in: sky130A_mr.drc:1082
    Edge pairs: 13433073 (flat)  8202003 (hierarchical)
    Elapsed: 568.600s  Memory: 5316.00M
"second_edges" in: sky130A_mr.drc:1082
    Edges: 13433073 (flat)  8202003 (hierarchical)
    Elapsed: 0.780s  Memory: 5397.00M
"width" in: sky130A_mr.drc:1083
    Edge pairs: 0 (flat)  0 (hierarchical)
    Elapsed: 54.750s  Memory: 5532.00M
"polygons" in: sky130A_mr.drc:1084
    Polygons (raw): 0 (flat)  0 (hierarchical)
    Elapsed: 0.030s  Memory: 5532.00M
"interacting" in: sky130A_mr.drc:1084
    Polygons (raw): 0 (flat)  0 (hierarchical)
    Elapsed: 0.010s  Memory: 5532.00M
"output" in: sky130A_mr.drc:1085
    Polygons (raw): 0 (flat)  0 (hierarchical)
    Elapsed: 0.000s  Memory: 5532.00M
"interacting" in: sky130A_mr.drc:1089
    Polygons (raw): 0 (flat)  0 (hierarchical)
    Elapsed: 0.000s  Memory: 5532.00M
"-" in: sky130A_mr.drc:1089
    Polygons (raw): 7851878 (flat)  476564 (hierarchical)
    Elapsed: 0.010s  Memory: 5532.00M
"with_area" in: sky130A_mr.drc:1090
    Polygons (raw): 0 (flat)  0 (hierarchical)
    Elapsed: 95.800s  Memory: 5533.00M
"output" in: sky130A_mr.drc:1090
    Polygons (raw): 0 (flat)  0 (hierarchical)
    Elapsed: 0.020s  Memory: 5533.00M
"&" in: sky130A_mr.drc:1094
    Polygons (raw): 0 (flat)  0 (hierarchical)
    Elapsed: 0.010s  Memory: 5533.00M
"space" in: sky130A_mr.drc:1095
    Edge pairs: 0 (flat)  0 (hierarchical)
    Elapsed: 0.000s  Memory: 5533.00M
"output" in: sky130A_mr.drc:1095
    Edge pairs: 0 (flat)  0 (hierarchical)
    Elapsed: 0.000s  Memory: 5533.00M
"width" in: sky130A_mr.drc:1099
    Edge pairs: 0 (flat)  0 (hierarchical)
    Elapsed: 0.000s  Memory: 5533.00M
"output" in: sky130A_mr.drc:1099
    Edge pairs: 0 (flat)  0 (hierarchical)
    Elapsed: 0.010s  Memory: 5533.00M
END: 67/20 (li)
START: 67/13 (li_res)
"width" in: sky130A_mr.drc:1107
    Edge pairs: 0 (flat)  0 (hierarchical)
    Elapsed: 0.020s  Memory: 5533.00M
"output" in: sky130A_mr.drc:1107
    Edge pairs: 0 (flat)  0 (hierarchical)
    Elapsed: 0.000s  Memory: 5533.00M
END: 67/13 (li_res)
START: 67/44 (mcon)
"-" in: sky130A_mr.drc:1115
    Polygons (raw): 20853187 (flat)  626213 (hierarchical)
    Elapsed: 0.010s  Memory: 5533.00M
"drc" in: sky130A_mr.drc:1117
    Polygons (raw): 0 (flat)  0 (hierarchical)
    Elapsed: 241.890s  Memory: 9381.00M
"-" in: sky130A_mr.drc:1118
    Polygons (raw): 20853187 (flat)  626213 (hierarchical)
    Elapsed: 0.100s  Memory: 9189.00M
"outside" in: sky130A_mr.drc:1122
    Polygons (raw): 20853187 (flat)  626213 (hierarchical)
    Elapsed: 0.040s  Memory: 9189.00M
"non_rectangles" in: sky130A_mr.drc:1123
    Polygons (raw): 0 (flat)  0 (hierarchical)
    Elapsed: 204.410s  Memory: 9350.00M
"output" in: sky130A_mr.drc:1123
    Polygons (raw): 0 (flat)  0 (hierarchical)
    Elapsed: 0.030s  Memory: 9350.00M
"drc" in: sky130A_mr.drc:1128
    Edge pairs: 0 (flat)  0 (hierarchical)
    Elapsed: 245.930s  Memory: 10292.00M
"output" in: sky130A_mr.drc:1128
    Edge pairs: 0 (flat)  0 (hierarchical)
    Elapsed: 0.030s  Memory: 10292.00M
"drc" in: sky130A_mr.drc:1132
    Edges: 0 (flat)  0 (hierarchical)
    Elapsed: 42.670s  Memory: 10818.00M
"output" in: sky130A_mr.drc:1132
    Edges: 0 (flat)  0 (hierarchical)
    Elapsed: 0.030s  Memory: 10363.00M
"space" in: sky130A_mr.drc:1136
    Edge pairs: 0 (flat)  0 (hierarchical)
    Elapsed: 185.480s  Memory: 10116.00M
"output" in: sky130A_mr.drc:1136
    Edge pairs: 0 (flat)  0 (hierarchical)
    Elapsed: 0.030s  Memory: 9547.00M
"width" in: sky130A_mr.drc:1141
    Edge pairs: 0 (flat)  0 (hierarchical)
    Elapsed: 0.000s  Memory: 9547.00M
"output" in: sky130A_mr.drc:1141
    Edge pairs: 0 (flat)  0 (hierarchical)
    Elapsed: 0.000s  Memory: 9547.00M
"drc" in: sky130A_mr.drc:1145
    Edge pairs: 0 (flat)  0 (hierarchical)
    Elapsed: 0.720s  Memory: 9547.00M
"output" in: sky130A_mr.drc:1145
    Edge pairs: 0 (flat)  0 (hierarchical)
    Elapsed: 0.030s  Memory: 9547.00M
"-" in: sky130A_mr.drc:1149
    Polygons (raw): 0 (flat)  0 (hierarchical)
    Elapsed: 0.000s  Memory: 9547.00M
"output" in: sky130A_mr.drc:1149
    Polygons (raw): 0 (flat)  0 (hierarchical)
    Elapsed: 0.000s  Memory: 9547.00M
"-" in: sky130A_mr.drc:1154
    Polygons (raw): 0 (flat)  0 (hierarchical)
    Elapsed: 159.330s  Memory: 10157.00M
"output" in: sky130A_mr.drc:1154
    Polygons (raw): 0 (flat)  0 (hierarchical)
    Elapsed: 0.030s  Memory: 10157.00M
END: 67/44 (mcon)
START: 68/20 (m1)
"width" in: sky130A_mr.drc:1159
    Edge pairs: 0 (flat)  0 (hierarchical)
    Elapsed: 110.770s  Memory: 10157.00M
"output" in: sky130A_mr.drc:1159
    Edge pairs: 0 (flat)  0 (hierarchical)
    Elapsed: 0.020s  Memory: 10157.00M
"sized" in: sky130A_mr.drc:1160
    Polygons (raw): 574 (flat)  54 (hierarchical)
    Elapsed: 11.550s  Memory: 10157.00M
"sized" in: sky130A_mr.drc:1160
    Polygons (raw): 574 (flat)  54 (hierarchical)
    Elapsed: 0.240s  Memory: 10157.00M
"snap" in: sky130A_mr.drc:1160
    Polygons (raw): 562 (flat)  126 (hierarchical)
    Elapsed: 2.390s  Memory: 10157.00M
"&" in: sky130A_mr.drc:1160
    Polygons (raw): 609 (flat)  163 (hierarchical)
    Elapsed: 0.520s  Memory: 10157.00M
"edges" in: sky130A_mr.drc:1161
    Edges: 8172030 (flat)  6127669 (hierarchical)
    Elapsed: 1.080s  Memory: 10220.00M
"-" in: sky130A_mr.drc:1161
    Edges: 8170274 (flat)  6127073 (hierarchical)
    Elapsed: 21.530s  Memory: 10653.00M
"edges" in: sky130A_mr.drc:1162
    Edges: 4637 (flat)  1183 (hierarchical)
    Elapsed: 0.920s  Memory: 10590.00M
"merged" in: sky130A_mr.drc:1162
    Polygons (raw): 614907 (flat)  457366 (hierarchical)
    Elapsed: 0.060s  Memory: 10590.00M
"outside_part" in: sky130A_mr.drc:1162
    Edges: 3081 (flat)  887 (hierarchical)
    Elapsed: 0.410s  Memory: 10590.00M
"space" in: sky130A_mr.drc:1164
    Edge pairs: 0 (flat)  0 (hierarchical)
    Elapsed: 70.760s  Memory: 10750.00M
"output" in: sky130A_mr.drc:1164
    Edge pairs: 0 (flat)  0 (hierarchical)
    Elapsed: 0.020s  Memory: 10750.00M
"separation" in: sky130A_mr.drc:1170
    Edge pairs: 0 (flat)  0 (hierarchical)
    Elapsed: 1.390s  Memory: 10653.00M
"space" in: sky130A_mr.drc:1171
    Edge pairs: 0 (flat)  0 (hierarchical)
    Elapsed: 0.350s  Memory: 10653.00M
"+" in: sky130A_mr.drc:1170
    Edge pairs: 0 (flat)  0 (hierarchical)
    Elapsed: 0.040s  Memory: 10653.00M
"output" in: sky130A_mr.drc:1172
    Edge pairs: 0 (flat)  0 (hierarchical)
    Elapsed: 0.000s  Memory: 10653.00M
"input" in: sky130A_mr.drc:1183
    Polygons (raw): 5841377 (flat)  2317621 (hierarchical)
    Elapsed: 2.890s  Memory: 10653.00M
"enclosing" in: sky130A_mr.drc:1185
    Edge pairs: 0 (flat)  0 (hierarchical)
    Elapsed: 521.330s  Memory: 13822.00M
"output" in: sky130A_mr.drc:1185
    Edge pairs: 0 (flat)  0 (hierarchical)
    Elapsed: 0.050s  Memory: 13813.00M
"-" in: sky130A_mr.drc:1189
    Polygons (raw): 0 (flat)  0 (hierarchical)
    Elapsed: 229.200s  Memory: 10842.00M
"output" in: sky130A_mr.drc:1189
    Polygons (raw): 0 (flat)  0 (hierarchical)
    Elapsed: 0.030s  Memory: 10732.00M
"input" in: sky130A_mr.drc:1203
    Polygons (raw): 0 (flat)  0 (hierarchical)
    Elapsed: 0.800s  Memory: 10732.00M
"enclosing" in: sky130A_mr.drc:1204
    Edge pairs: 0 (flat)  0 (hierarchical)
    Elapsed: 0.030s  Memory: 10732.00M
"output" in: sky130A_mr.drc:1204
    Edge pairs: 0 (flat)  0 (hierarchical)
    Elapsed: 0.000s  Memory: 10732.00M
"-" in: sky130A_mr.drc:1209
    Polygons (raw): 0 (flat)  0 (hierarchical)
    Elapsed: 0.000s  Memory: 10732.00M
"output" in: sky130A_mr.drc:1209
    Polygons (raw): 0 (flat)  0 (hierarchical)
    Elapsed: 0.010s  Memory: 10732.00M
"with_area" in: sky130A_mr.drc:1214
    Polygons (raw): 0 (flat)  0 (hierarchical)
    Elapsed: 0.900s  Memory: 10732.00M
"output" in: sky130A_mr.drc:1214
    Polygons (raw): 0 (flat)  0 (hierarchical)
    Elapsed: 0.020s  Memory: 10732.00M
"holes" in: sky130A_mr.drc:1217
    Polygons (raw): 1861 (flat)  342 (hierarchical)
    Elapsed: 0.320s  Memory: 10732.00M
"with_area" in: sky130A_mr.drc:1218
    Polygons (raw): 0 (flat)  0 (hierarchical)
    Elapsed: 1.120s  Memory: 10732.00M
"output" in: sky130A_mr.drc:1219
    Polygons (raw): 0 (flat)  0 (hierarchical)
    Elapsed: 0.290s  Memory: 10732.00M
"enclosing" in: sky130A_mr.drc:1230
    Edge pairs: 2984509 (flat)  1443275 (hierarchical)
    Elapsed: 478.500s  Memory: 10695.00M
"second_edges" in: sky130A_mr.drc:1230
    Edges: 2984509 (flat)  1443275 (hierarchical)
    Elapsed: 0.270s  Memory: 10695.00M
"width" in: sky130A_mr.drc:1232
    Edge pairs: 0 (flat)  0 (hierarchical)
    Elapsed: 15.350s  Memory: 10695.00M
"polygons" in: sky130A_mr.drc:1234
    Polygons (raw): 0 (flat)  0 (hierarchical)
    Elapsed: 0.070s  Memory: 10695.00M
"interacting" in: sky130A_mr.drc:1234
    Polygons (raw): 0 (flat)  0 (hierarchical)
    Elapsed: 0.020s  Memory: 10695.00M
"output" in: sky130A_mr.drc:1235
    Polygons (raw): 0 (flat)  0 (hierarchical)
    Elapsed: 0.000s  Memory: 10695.00M
END: 68/20 (m1)
START: 68/44 (via)
"drc" in: sky130A_mr.drc:1246
    Polygons (raw): 0 (flat)  0 (hierarchical)
    Elapsed: 17.410s  Memory: 10695.00M
"-" in: sky130A_mr.drc:1247
    Polygons (raw): 1726169 (flat)  1118406 (hierarchical)
    Elapsed: 0.120s  Memory: 10695.00M
"-" in: sky130A_mr.drc:1252
    Polygons (raw): 1726169 (flat)  1118406 (hierarchical)
    Elapsed: 0.090s  Memory: 10695.00M
"non_rectangles" in: sky130A_mr.drc:1254
    Polygons (raw): 0 (flat)  0 (hierarchical)
    Elapsed: 11.270s  Memory: 10695.00M
"output" in: sky130A_mr.drc:1254
    Polygons (raw): 0 (flat)  0 (hierarchical)
    Elapsed: 0.030s  Memory: 10695.00M
"width" in: sky130A_mr.drc:1258
    Edge pairs: 0 (flat)  0 (hierarchical)
    Elapsed: 0.970s  Memory: 10695.00M
"output" in: sky130A_mr.drc:1258
    Edge pairs: 0 (flat)  0 (hierarchical)
    Elapsed: 0.030s  Memory: 10695.00M
"drc" in: sky130A_mr.drc:1263
    Edges: 0 (flat)  0 (hierarchical)
    Elapsed: 5.790s  Memory: 10695.00M
"output" in: sky130A_mr.drc:1263
    Edges: 0 (flat)  0 (hierarchical)
    Elapsed: 0.040s  Memory: 10695.00M
"space" in: sky130A_mr.drc:1268
    Edge pairs: 0 (flat)  0 (hierarchical)
    Elapsed: 9.250s  Memory: 10695.00M
"output" in: sky130A_mr.drc:1268
    Edge pairs: 0 (flat)  0 (hierarchical)
    Elapsed: 0.030s  Memory: 10695.00M
"width" in: sky130A_mr.drc:1274
    Edge pairs: 0 (flat)  0 (hierarchical)
    Elapsed: 0.010s  Memory: 10695.00M
"output" in: sky130A_mr.drc:1274
    Edge pairs: 0 (flat)  0 (hierarchical)
    Elapsed: 0.010s  Memory: 10695.00M
"drc" in: sky130A_mr.drc:1278
    Edge pairs: 0 (flat)  0 (hierarchical)
    Elapsed: 0.950s  Memory: 10695.00M
"output" in: sky130A_mr.drc:1278
    Edge pairs: 0 (flat)  0 (hierarchical)
    Elapsed: 0.030s  Memory: 10695.00M
"-" in: sky130A_mr.drc:1282
    Polygons (raw): 0 (flat)  0 (hierarchical)
    Elapsed: 0.040s  Memory: 10695.00M
"output" in: sky130A_mr.drc:1282
    Polygons (raw): 0 (flat)  0 (hierarchical)
    Elapsed: 0.000s  Memory: 10695.00M
"edges" in: sky130A_mr.drc:1289
    Edges: 8172030 (flat)  6127669 (hierarchical)
    Elapsed: 0.870s  Memory: 10758.00M
"drc" in: sky130A_mr.drc:1290
    Edges: 6902560 (flat)  4473428 (hierarchical)
    Elapsed: 29.830s  Memory: 10832.00M
"enclosing" in: sky130A_mr.drc:1290
    Edge pairs: 0 (flat)  0 (hierarchical)
    Elapsed: 27.880s  Memory: 10832.00M
"output" in: sky130A_mr.drc:1291
    Edge pairs: 0 (flat)  0 (hierarchical)
    Elapsed: 0.650s  Memory: 10695.00M
"squares" in: sky130A_mr.drc:1293
    Polygons (raw): 1725640 (flat)  1118357 (hierarchical)
    Elapsed: 0.840s  Memory: 10695.00M
"drc" in: sky130A_mr.drc:1294
    Edges: 6902560 (flat)  4473428 (hierarchical)
    Elapsed: 19.570s  Memory: 10727.00M
"-" in: sky130A_mr.drc:1295
    Edges: 0 (flat)  0 (hierarchical)
    Elapsed: 100.710s  Memory: 11081.00M
"output" in: sky130A_mr.drc:1296
    Edges: 0 (flat)  0 (hierarchical)
    Elapsed: 0.350s  Memory: 11049.00M
"edges" in: sky130A_mr.drc:1300
    Edges: 8172030 (flat)  6127669 (hierarchical)
    Elapsed: 0.900s  Memory: 11112.00M
"drc" in: sky130A_mr.drc:1301
    Edges: 6902560 (flat)  4473428 (hierarchical)
    Elapsed: 20.620s  Memory: 11185.00M
"enclosing" in: sky130A_mr.drc:1301
    Edge pairs: 1698492 (flat)  1264479 (hierarchical)
    Elapsed: 45.390s  Memory: 11186.00M
"second_edges" in: sky130A_mr.drc:1302
    Edges: 1698492 (flat)  1264479 (hierarchical)
    Elapsed: 0.170s  Memory: 11049.00M
"width" in: sky130A_mr.drc:1304
    Edge pairs: 0 (flat)  0 (hierarchical)
    Elapsed: 11.450s  Memory: 11057.00M
"polygons" in: sky130A_mr.drc:1305
    Polygons (raw): 0 (flat)  0 (hierarchical)
    Elapsed: 0.050s  Memory: 11057.00M
"interacting" in: sky130A_mr.drc:1305
    Polygons (raw): 0 (flat)  0 (hierarchical)
    Elapsed: 0.010s  Memory: 11057.00M
"output" in: sky130A_mr.drc:1306
    Polygons (raw): 0 (flat)  0 (hierarchical)
    Elapsed: 0.000s  Memory: 11057.00M
END: 68/44 (via)
START: 69/20 (m2)
"&" in: sky130A_mr.drc:1315
    Polygons (raw): 0 (flat)  0 (hierarchical)
    Elapsed: 0.020s  Memory: 11057.00M
"width" in: sky130A_mr.drc:1316
    Edge pairs: 0 (flat)  0 (hierarchical)
    Elapsed: 11.660s  Memory: 11057.00M
"output" in: sky130A_mr.drc:1316
    Edge pairs: 0 (flat)  0 (hierarchical)
    Elapsed: 0.040s  Memory: 11057.00M
"sized" in: sky130A_mr.drc:1318
    Polygons (raw): 547 (flat)  124 (hierarchical)
    Elapsed: 8.120s  Memory: 11057.00M
"sized" in: sky130A_mr.drc:1318
    Polygons (raw): 547 (flat)  124 (hierarchical)
    Elapsed: 0.450s  Memory: 11057.00M
"snap" in: sky130A_mr.drc:1318
    Polygons (raw): 547 (flat)  124 (hierarchical)
    Elapsed: 2.160s  Memory: 11057.00M
"&" in: sky130A_mr.drc:1318
    Polygons (raw): 775 (flat)  292 (hierarchical)
    Elapsed: 0.560s  Memory: 11057.00M
"edges" in: sky130A_mr.drc:1319
    Edges: 4696861 (flat)  4153385 (hierarchical)
    Elapsed: 0.830s  Memory: 11057.00M
"-" in: sky130A_mr.drc:1319
    Edges: 4692703 (flat)  4151478 (hierarchical)
    Elapsed: 16.540s  Memory: 11057.00M
"edges" in: sky130A_mr.drc:1320
    Edges: 5720 (flat)  2380 (hierarchical)
    Elapsed: 0.780s  Memory: 11057.00M
"merged" in: sky130A_mr.drc:1320
    Polygons (raw): 335889 (flat)  291855 (hierarchical)
    Elapsed: 0.050s  Memory: 11057.00M
"outside_part" in: sky130A_mr.drc:1320
    Edges: 4856 (flat)  2206 (hierarchical)
    Elapsed: 0.490s  Memory: 11057.00M
"-" in: sky130A_mr.drc:1321
    Polygons (raw): 1726169 (flat)  1118406 (hierarchical)
    Elapsed: 0.470s  Memory: 11057.00M
"space" in: sky130A_mr.drc:1323
    Edge pairs: 0 (flat)  0 (hierarchical)
    Elapsed: 52.830s  Memory: 11109.00M
"output" in: sky130A_mr.drc:1323
    Edge pairs: 0 (flat)  0 (hierarchical)
    Elapsed: 0.030s  Memory: 11109.00M
"separation" in: sky130A_mr.drc:1329
    Edge pairs: 0 (flat)  0 (hierarchical)
    Elapsed: 1.610s  Memory: 11109.00M
"space" in: sky130A_mr.drc:1330
    Edge pairs: 0 (flat)  0 (hierarchical)
    Elapsed: 0.560s  Memory: 11109.00M
"+" in: sky130A_mr.drc:1329
    Edge pairs: 0 (flat)  0 (hierarchical)
    Elapsed: 0.060s  Memory: 11109.00M
"output" in: sky130A_mr.drc:1331
    Edge pairs: 0 (flat)  0 (hierarchical)
    Elapsed: 0.000s  Memory: 11109.00M
"with_area" in: sky130A_mr.drc:1333
    Polygons (raw): 0 (flat)  0 (hierarchical)
    Elapsed: 1.210s  Memory: 11109.00M
"output" in: sky130A_mr.drc:1333
    Polygons (raw): 0 (flat)  0 (hierarchical)
    Elapsed: 0.040s  Memory: 11109.00M
"holes" in: sky130A_mr.drc:1335
    Polygons (raw): 8 (flat)  8 (hierarchical)
    Elapsed: 0.340s  Memory: 11109.00M
"with_area" in: sky130A_mr.drc:1336
    Polygons (raw): 0 (flat)  0 (hierarchical)
    Elapsed: 1.770s  Memory: 11109.00M
"output" in: sky130A_mr.drc:1337
    Polygons (raw): 0 (flat)  0 (hierarchical)
    Elapsed: 0.240s  Memory: 11109.00M
"enclosing" in: sky130A_mr.drc:1345
    Edge pairs: 0 (flat)  0 (hierarchical)
    Elapsed: 18.810s  Memory: 11109.00M
"output" in: sky130A_mr.drc:1345
    Edge pairs: 0 (flat)  0 (hierarchical)
    Elapsed: 0.030s  Memory: 11109.00M
"-" in: sky130A_mr.drc:1349
    Polygons (raw): 0 (flat)  0 (hierarchical)
    Elapsed: 16.200s  Memory: 11110.00M
"output" in: sky130A_mr.drc:1349
    Polygons (raw): 0 (flat)  0 (hierarchical)
    Elapsed: 0.030s  Memory: 11110.00M
"enclosing" in: sky130A_mr.drc:1353
    Edge pairs: 0 (flat)  0 (hierarchical)
    Elapsed: 0.010s  Memory: 11110.00M
"output" in: sky130A_mr.drc:1353
    Edge pairs: 0 (flat)  0 (hierarchical)
    Elapsed: 0.000s  Memory: 11110.00M
"enclosing" in: sky130A_mr.drc:1358
    Edge pairs: 1590893 (flat)  1261571 (hierarchical)
    Elapsed: 26.960s  Memory: 11149.00M
"second_edges" in: sky130A_mr.drc:1358
    Edges: 1590893 (flat)  1261571 (hierarchical)
    Elapsed: 0.160s  Memory: 11149.00M
"width" in: sky130A_mr.drc:1360
    Edge pairs: 0 (flat)  0 (hierarchical)
    Elapsed: 9.350s  Memory: 11149.00M
"polygons" in: sky130A_mr.drc:1361
    Polygons (raw): 0 (flat)  0 (hierarchical)
    Elapsed: 0.060s  Memory: 11149.00M
"interacting" in: sky130A_mr.drc:1361
    Polygons (raw): 0 (flat)  0 (hierarchical)
    Elapsed: 0.010s  Memory: 11149.00M
"output" in: sky130A_mr.drc:1362
    Polygons (raw): 0 (flat)  0 (hierarchical)
    Elapsed: 0.000s  Memory: 11149.00M
END: 69/20 (m2)
START: 69/44 (via2)
"drc" in: sky130A_mr.drc:1373
    Polygons (raw): 0 (flat)  0 (hierarchical)
    Elapsed: 7.830s  Memory: 11149.00M
"-" in: sky130A_mr.drc:1374
    Polygons (raw): 1055599 (flat)  503994 (hierarchical)
    Elapsed: 0.070s  Memory: 11149.00M
"-" in: sky130A_mr.drc:1379
    Polygons (raw): 1055599 (flat)  503994 (hierarchical)
    Elapsed: 0.060s  Memory: 11149.00M
"non_rectangles" in: sky130A_mr.drc:1380
    Polygons (raw): 0 (flat)  0 (hierarchical)
    Elapsed: 5.280s  Memory: 11149.00M
"output" in: sky130A_mr.drc:1380
    Polygons (raw): 0 (flat)  0 (hierarchical)
    Elapsed: 0.020s  Memory: 11149.00M
"width" in: sky130A_mr.drc:1384
    Edge pairs: 0 (flat)  0 (hierarchical)
    Elapsed: 0.620s  Memory: 11149.00M
"output" in: sky130A_mr.drc:1384
    Edge pairs: 0 (flat)  0 (hierarchical)
    Elapsed: 0.030s  Memory: 11149.00M
"edges" in: sky130A_mr.drc:1389
    Edges: 4222396 (flat)  2015976 (hierarchical)
    Elapsed: 0.300s  Memory: 11149.00M
"without_length" in: sky130A_mr.drc:1390
    Edges: 0 (flat)  0 (hierarchical)
    Elapsed: 0.440s  Memory: 11149.00M
"output" in: sky130A_mr.drc:1391
    Edges: 0 (flat)  0 (hierarchical)
    Elapsed: 0.390s  Memory: 11149.00M
"space" in: sky130A_mr.drc:1392
    Edge pairs: 0 (flat)  0 (hierarchical)
    Elapsed: 5.380s  Memory: 11149.00M
"output" in: sky130A_mr.drc:1392
    Edge pairs: 0 (flat)  0 (hierarchical)
    Elapsed: 0.020s  Memory: 11149.00M
"width" in: sky130A_mr.drc:1398
    Edge pairs: 0 (flat)  0 (hierarchical)
    Elapsed: 0.020s  Memory: 11149.00M
"output" in: sky130A_mr.drc:1398
    Edge pairs: 0 (flat)  0 (hierarchical)
    Elapsed: 0.010s  Memory: 11149.00M
"drc" in: sky130A_mr.drc:1402
    Edge pairs: 0 (flat)  0 (hierarchical)
    Elapsed: 0.950s  Memory: 11149.00M
"output" in: sky130A_mr.drc:1402
    Edge pairs: 0 (flat)  0 (hierarchical)
    Elapsed: 0.030s  Memory: 11149.00M
"-" in: sky130A_mr.drc:1406
    Polygons (raw): 0 (flat)  0 (hierarchical)
    Elapsed: 0.040s  Memory: 11149.00M
"output" in: sky130A_mr.drc:1406
    Polygons (raw): 0 (flat)  0 (hierarchical)
    Elapsed: 0.000s  Memory: 11149.00M
"enclosing" in: sky130A_mr.drc:1412
    Edge pairs: 0 (flat)  0 (hierarchical)
    Elapsed: 10.280s  Memory: 11149.00M
"output" in: sky130A_mr.drc:1412
    Edge pairs: 0 (flat)  0 (hierarchical)
    Elapsed: 0.030s  Memory: 11149.00M
"-" in: sky130A_mr.drc:1416
    Polygons (raw): 0 (flat)  0 (hierarchical)
    Elapsed: 8.560s  Memory: 11149.00M
"output" in: sky130A_mr.drc:1416
    Polygons (raw): 0 (flat)  0 (hierarchical)
    Elapsed: 0.040s  Memory: 11149.00M
"enclosing" in: sky130A_mr.drc:1419
    Edge pairs: 276851 (flat)  196884 (hierarchical)
    Elapsed: 13.440s  Memory: 11149.00M
"second_edges" in: sky130A_mr.drc:1419
    Edges: 276851 (flat)  196884 (hierarchical)
    Elapsed: 0.070s  Memory: 11149.00M
"width" in: sky130A_mr.drc:1421
    Edge pairs: 0 (flat)  0 (hierarchical)
    Elapsed: 3.270s  Memory: 11149.00M
"polygons" in: sky130A_mr.drc:1422
    Polygons (raw): 0 (flat)  0 (hierarchical)
    Elapsed: 0.040s  Memory: 11149.00M
"interacting" in: sky130A_mr.drc:1422
    Polygons (raw): 0 (flat)  0 (hierarchical)
    Elapsed: 0.010s  Memory: 11149.00M
"output" in: sky130A_mr.drc:1423
    Polygons (raw): 0 (flat)  0 (hierarchical)
    Elapsed: 0.000s  Memory: 11149.00M
END: 69/44 (via2)
START: 70/20 (m3)
"width" in: sky130A_mr.drc:1432
    Edge pairs: 0 (flat)  0 (hierarchical)
    Elapsed: 3.470s  Memory: 11149.00M
"output" in: sky130A_mr.drc:1432
    Edge pairs: 0 (flat)  0 (hierarchical)
    Elapsed: 0.030s  Memory: 11149.00M
"sized" in: sky130A_mr.drc:1434
    Polygons (raw): 1533 (flat)  283 (hierarchical)
    Elapsed: 1.060s  Memory: 11149.00M
"sized" in: sky130A_mr.drc:1434
    Polygons (raw): 1533 (flat)  283 (hierarchical)
    Elapsed: 0.320s  Memory: 11149.00M
"snap" in: sky130A_mr.drc:1434
    Polygons (raw): 1489 (flat)  279 (hierarchical)
    Elapsed: 1.640s  Memory: 11149.00M
"&" in: sky130A_mr.drc:1434
    Polygons (raw): 1720 (flat)  416 (hierarchical)
    Elapsed: 0.510s  Memory: 11149.00M
"edges" in: sky130A_mr.drc:1435
    Edges: 620079 (flat)  543917 (hierarchical)
    Elapsed: 0.410s  Memory: 11149.00M
"-" in: sky130A_mr.drc:1435
    Edges: 610712 (flat)  541606 (hierarchical)
    Elapsed: 2.560s  Memory: 11149.00M
"edges" in: sky130A_mr.drc:1436
    Edges: 10940 (flat)  2628 (hierarchical)
    Elapsed: 0.750s  Memory: 11149.00M
"merged" in: sky130A_mr.drc:1436
    Polygons (raw): 73207 (flat)  65368 (hierarchical)
    Elapsed: 0.050s  Memory: 11149.00M
"outside_part" in: sky130A_mr.drc:1436
    Edges: 10264 (flat)  2552 (hierarchical)
    Elapsed: 0.480s  Memory: 11149.00M
"space" in: sky130A_mr.drc:1438
    Edge pairs: 0 (flat)  0 (hierarchical)
    Elapsed: 9.640s  Memory: 11149.00M
"output" in: sky130A_mr.drc:1438
    Edge pairs: 0 (flat)  0 (hierarchical)
    Elapsed: 0.030s  Memory: 11149.00M
"separation" in: sky130A_mr.drc:1444
    Edge pairs: 0 (flat)  0 (hierarchical)
    Elapsed: 1.310s  Memory: 11149.00M
"space" in: sky130A_mr.drc:1445
    Edge pairs: 0 (flat)  0 (hierarchical)
    Elapsed: 0.350s  Memory: 11149.00M
"+" in: sky130A_mr.drc:1444
    Edge pairs: 0 (flat)  0 (hierarchical)
    Elapsed: 0.010s  Memory: 11149.00M
"output" in: sky130A_mr.drc:1446
    Edge pairs: 0 (flat)  0 (hierarchical)
    Elapsed: 0.030s  Memory: 11149.00M
"enclosing" in: sky130A_mr.drc:1454
    Edge pairs: 0 (flat)  0 (hierarchical)
    Elapsed: 7.190s  Memory: 11149.00M
"output" in: sky130A_mr.drc:1454
    Edge pairs: 0 (flat)  0 (hierarchical)
    Elapsed: 0.030s  Memory: 11149.00M
"-" in: sky130A_mr.drc:1458
    Polygons (raw): 0 (flat)  0 (hierarchical)
    Elapsed: 7.210s  Memory: 11149.00M
"output" in: sky130A_mr.drc:1458
    Polygons (raw): 0 (flat)  0 (hierarchical)
    Elapsed: 0.030s  Memory: 11149.00M
"with_area" in: sky130A_mr.drc:1460
    Polygons (raw): 0 (flat)  0 (hierarchical)
    Elapsed: 0.300s  Memory: 11149.00M
"output" in: sky130A_mr.drc:1460
    Polygons (raw): 0 (flat)  0 (hierarchical)
    Elapsed: 0.000s  Memory: 11149.00M
"holes" in: sky130A_mr.drc:1462
    Polygons (raw): 12 (flat)  12 (hierarchical)
    Elapsed: 0.040s  Memory: 11149.00M
"with_area" in: sky130A_mr.drc:1463
    Polygons (raw): 0 (flat)  0 (hierarchical)
    Elapsed: 1.070s  Memory: 11149.00M
"output" in: sky130A_mr.drc:1464
    Polygons (raw): 0 (flat)  0 (hierarchical)
    Elapsed: 0.190s  Memory: 11149.00M
END: 70/20 (m3)
START: 70/44 (via3)
"drc" in: sky130A_mr.drc:1471
    Polygons (raw): 0 (flat)  0 (hierarchical)
    Elapsed: 91.590s  Memory: 11149.00M
"-" in: sky130A_mr.drc:1472
    Polygons (raw): 984551 (flat)  536852 (hierarchical)
    Elapsed: 0.080s  Memory: 11149.00M
"-" in: sky130A_mr.drc:1477
    Polygons (raw): 984551 (flat)  536852 (hierarchical)
    Elapsed: 0.060s  Memory: 11149.00M
"non_rectangles" in: sky130A_mr.drc:1478
    Polygons (raw): 0 (flat)  0 (hierarchical)
    Elapsed: 63.880s  Memory: 11149.00M
"output" in: sky130A_mr.drc:1478
    Polygons (raw): 0 (flat)  0 (hierarchical)
    Elapsed: 0.020s  Memory: 11149.00M
"width" in: sky130A_mr.drc:1482
    Edge pairs: 0 (flat)  0 (hierarchical)
    Elapsed: 0.620s  Memory: 11149.00M
"output" in: sky130A_mr.drc:1482
    Edge pairs: 0 (flat)  0 (hierarchical)
    Elapsed: 0.040s  Memory: 11149.00M
"edges" in: sky130A_mr.drc:1487
    Edges: 3938204 (flat)  2147408 (hierarchical)
    Elapsed: 0.340s  Memory: 11149.00M
"without_length" in: sky130A_mr.drc:1488
    Edges: 0 (flat)  0 (hierarchical)
    Elapsed: 0.430s  Memory: 11149.00M
"output" in: sky130A_mr.drc:1489
    Edges: 0 (flat)  0 (hierarchical)
    Elapsed: 0.370s  Memory: 11149.00M
"space" in: sky130A_mr.drc:1491
    Edge pairs: 0 (flat)  0 (hierarchical)
    Elapsed: 55.460s  Memory: 11149.00M
"output" in: sky130A_mr.drc:1491
    Edge pairs: 0 (flat)  0 (hierarchical)
    Elapsed: 0.030s  Memory: 11149.00M
"enclosing" in: sky130A_mr.drc:1495
    Edge pairs: 0 (flat)  0 (hierarchical)
    Elapsed: 15.200s  Memory: 11149.00M
"output" in: sky130A_mr.drc:1495
    Edge pairs: 0 (flat)  0 (hierarchical)
    Elapsed: 0.030s  Memory: 11149.00M
"-" in: sky130A_mr.drc:1499
    Polygons (raw): 0 (flat)  0 (hierarchical)
    Elapsed: 15.780s  Memory: 11149.00M
"output" in: sky130A_mr.drc:1499
    Polygons (raw): 0 (flat)  0 (hierarchical)
    Elapsed: 0.030s  Memory: 11149.00M
"enclosing" in: sky130A_mr.drc:1505
    Edge pairs: 644571 (flat)  588655 (hierarchical)
    Elapsed: 19.440s  Memory: 11149.00M
"second_edges" in: sky130A_mr.drc:1505
    Edges: 644571 (flat)  588655 (hierarchical)
    Elapsed: 0.090s  Memory: 11149.00M
"width" in: sky130A_mr.drc:1507
    Edge pairs: 0 (flat)  0 (hierarchical)
    Elapsed: 5.120s  Memory: 11149.00M
"polygons" in: sky130A_mr.drc:1508
    Polygons (raw): 0 (flat)  0 (hierarchical)
    Elapsed: 0.040s  Memory: 11149.00M
"interacting" in: sky130A_mr.drc:1508
    Polygons (raw): 0 (flat)  0 (hierarchical)
    Elapsed: 0.020s  Memory: 11149.00M
"output" in: sky130A_mr.drc:1509
    Polygons (raw): 0 (flat)  0 (hierarchical)
    Elapsed: 0.000s  Memory: 11149.00M
END: 70/44 (via3)
START: 71/20 (m4)
"width" in: sky130A_mr.drc:1518
    Edge pairs: 0 (flat)  0 (hierarchical)
    Elapsed: 2.460s  Memory: 11149.00M
"output" in: sky130A_mr.drc:1518
    Edge pairs: 0 (flat)  0 (hierarchical)
    Elapsed: 0.030s  Memory: 11149.00M
"sized" in: sky130A_mr.drc:1520
    Polygons (raw): 584 (flat)  504 (hierarchical)
    Elapsed: 0.330s  Memory: 11149.00M
"sized" in: sky130A_mr.drc:1520
    Polygons (raw): 584 (flat)  504 (hierarchical)
    Elapsed: 0.300s  Memory: 11149.00M
"snap" in: sky130A_mr.drc:1520
    Polygons (raw): 584 (flat)  504 (hierarchical)
    Elapsed: 1.760s  Memory: 11149.00M
"&" in: sky130A_mr.drc:1520
    Polygons (raw): 661 (flat)  581 (hierarchical)
    Elapsed: 4.250s  Memory: 11149.00M
"edges" in: sky130A_mr.drc:1521
    Edges: 72424 (flat)  68050 (hierarchical)
    Elapsed: 0.340s  Memory: 11149.00M
"-" in: sky130A_mr.drc:1521
    Edges: 70028 (flat)  65894 (hierarchical)
    Elapsed: 0.960s  Memory: 11149.00M
"edges" in: sky130A_mr.drc:1522
    Edges: 2887 (flat)  2287 (hierarchical)
    Elapsed: 0.780s  Memory: 11149.00M
"merged" in: sky130A_mr.drc:1522
    Polygons (raw): 6407 (flat)  5633 (hierarchical)
    Elapsed: 0.040s  Memory: 11149.00M
"outside_part" in: sky130A_mr.drc:1522
    Edges: 2665 (flat)  2265 (hierarchical)
    Elapsed: 0.620s  Memory: 11149.00M
"space" in: sky130A_mr.drc:1524
    Edge pairs: 0 (flat)  0 (hierarchical)
    Elapsed: 2.680s  Memory: 11149.00M
"output" in: sky130A_mr.drc:1524
    Edge pairs: 0 (flat)  0 (hierarchical)
    Elapsed: 0.030s  Memory: 11149.00M
"with_area" in: sky130A_mr.drc:1529
    Polygons (raw): 0 (flat)  0 (hierarchical)
    Elapsed: 0.270s  Memory: 11149.00M
"output" in: sky130A_mr.drc:1529
    Polygons (raw): 0 (flat)  0 (hierarchical)
    Elapsed: 0.000s  Memory: 11149.00M
"separation" in: sky130A_mr.drc:1532
    Edge pairs: 0 (flat)  0 (hierarchical)
    Elapsed: 1.480s  Memory: 11149.00M
"space" in: sky130A_mr.drc:1533
    Edge pairs: 0 (flat)  0 (hierarchical)
    Elapsed: 0.370s  Memory: 11149.00M
"+" in: sky130A_mr.drc:1532
    Edge pairs: 0 (flat)  0 (hierarchical)
    Elapsed: 0.040s  Memory: 11149.00M
"output" in: sky130A_mr.drc:1534
    Edge pairs: 0 (flat)  0 (hierarchical)
    Elapsed: 0.000s  Memory: 11149.00M
"enclosing" in: sky130A_mr.drc:1542
    Edge pairs: 0 (flat)  0 (hierarchical)
    Elapsed: 116.070s  Memory: 11105.00M
"output" in: sky130A_mr.drc:1542
    Edge pairs: 0 (flat)  0 (hierarchical)
    Elapsed: 0.040s  Memory: 11105.00M
"-" in: sky130A_mr.drc:1546
    Polygons (raw): 0 (flat)  0 (hierarchical)
    Elapsed: 12.170s  Memory: 11105.00M
"output" in: sky130A_mr.drc:1546
    Polygons (raw): 0 (flat)  0 (hierarchical)
    Elapsed: 0.040s  Memory: 11105.00M
"holes" in: sky130A_mr.drc:1549
    Polygons (raw): 75 (flat)  29 (hierarchical)
    Elapsed: 0.020s  Memory: 11105.00M
"with_area" in: sky130A_mr.drc:1550
    Polygons (raw): 0 (flat)  0 (hierarchical)
    Elapsed: 1.130s  Memory: 11105.00M
"output" in: sky130A_mr.drc:1551
    Polygons (raw): 0 (flat)  0 (hierarchical)
    Elapsed: 0.240s  Memory: 11105.00M
END: 71/20 (m4)
START: 71/44 (via4)
"drc" in: sky130A_mr.drc:1557
    Polygons (raw): 0 (flat)  0 (hierarchical)
    Elapsed: 3.000s  Memory: 11105.00M
"-" in: sky130A_mr.drc:1558
    Polygons (raw): 262281 (flat)  75221 (hierarchical)
    Elapsed: 0.070s  Memory: 11105.00M
"-" in: sky130A_mr.drc:1563
    Polygons (raw): 262281 (flat)  75221 (hierarchical)
    Elapsed: 0.050s  Memory: 11105.00M
"non_rectangles" in: sky130A_mr.drc:1564
    Polygons (raw): 0 (flat)  0 (hierarchical)
    Elapsed: 1.700s  Memory: 11105.00M
"output" in: sky130A_mr.drc:1564
    Polygons (raw): 0 (flat)  0 (hierarchical)
    Elapsed: 0.030s  Memory: 11105.00M
"width" in: sky130A_mr.drc:1568
    Edge pairs: 0 (flat)  0 (hierarchical)
    Elapsed: 2.300s  Memory: 11105.00M
"output" in: sky130A_mr.drc:1568
    Edge pairs: 0 (flat)  0 (hierarchical)
    Elapsed: 0.030s  Memory: 11105.00M
"drc" in: sky130A_mr.drc:1572
    Edges: 0 (flat)  0 (hierarchical)
    Elapsed: 1.520s  Memory: 11105.00M
"output" in: sky130A_mr.drc:1572
    Edges: 0 (flat)  0 (hierarchical)
    Elapsed: 0.030s  Memory: 11105.00M
"space" in: sky130A_mr.drc:1578
    Edge pairs: 0 (flat)  0 (hierarchical)
    Elapsed: 2.860s  Memory: 11105.00M
"polygons" in: sky130A_mr.drc:1579
    Polygons (raw): 0 (flat)  0 (hierarchical)
    Elapsed: 0.050s  Memory: 11105.00M
"output" in: sky130A_mr.drc:1580
    Polygons (raw): 0 (flat)  0 (hierarchical)
    Elapsed: 0.000s  Memory: 11105.00M
"width" in: sky130A_mr.drc:1583
    Edge pairs: 0 (flat)  0 (hierarchical)
    Elapsed: 0.020s  Memory: 11105.00M
"output" in: sky130A_mr.drc:1583
    Edge pairs: 0 (flat)  0 (hierarchical)
    Elapsed: 0.000s  Memory: 11105.00M
"drc" in: sky130A_mr.drc:1587
    Edge pairs: 0 (flat)  0 (hierarchical)
    Elapsed: 0.950s  Memory: 11105.00M
"output" in: sky130A_mr.drc:1587
    Edge pairs: 0 (flat)  0 (hierarchical)
    Elapsed: 0.040s  Memory: 11105.00M
"-" in: sky130A_mr.drc:1591
    Polygons (raw): 0 (flat)  0 (hierarchical)
    Elapsed: 0.030s  Memory: 11105.00M
"output" in: sky130A_mr.drc:1591
    Polygons (raw): 0 (flat)  0 (hierarchical)
    Elapsed: 0.000s  Memory: 11105.00M
"enclosing" in: sky130A_mr.drc:1597
    Edge pairs: 0 (flat)  0 (hierarchical)
    Elapsed: 20.160s  Memory: 11105.00M
"output" in: sky130A_mr.drc:1597
    Edge pairs: 0 (flat)  0 (hierarchical)
    Elapsed: 0.040s  Memory: 11105.00M
"-" in: sky130A_mr.drc:1601
    Polygons (raw): 0 (flat)  0 (hierarchical)
    Elapsed: 4.870s  Memory: 11105.00M
"output" in: sky130A_mr.drc:1601
    Polygons (raw): 0 (flat)  0 (hierarchical)
    Elapsed: 0.030s  Memory: 11105.00M
END: 71/44 (via4)
START: 72/20 (m5)
"width" in: sky130A_mr.drc:1606
    Edge pairs: 0 (flat)  0 (hierarchical)
    Elapsed: 1.550s  Memory: 11105.00M
"output" in: sky130A_mr.drc:1606
    Edge pairs: 0 (flat)  0 (hierarchical)
    Elapsed: 0.030s  Memory: 11105.00M
"space" in: sky130A_mr.drc:1608
    Edge pairs: 0 (flat)  0 (hierarchical)
    Elapsed: 1.450s  Memory: 11105.00M
"output" in: sky130A_mr.drc:1608
    Edge pairs: 0 (flat)  0 (hierarchical)
    Elapsed: 0.030s  Memory: 11105.00M
"enclosing" in: sky130A_mr.drc:1610
    Edge pairs: 0 (flat)  0 (hierarchical)
    Elapsed: 14.490s  Memory: 11105.00M
"output" in: sky130A_mr.drc:1610
    Edge pairs: 0 (flat)  0 (hierarchical)
    Elapsed: 0.030s  Memory: 11105.00M
"-" in: sky130A_mr.drc:1614
    Polygons (raw): 0 (flat)  0 (hierarchical)
    Elapsed: 3.020s  Memory: 11105.00M
"output" in: sky130A_mr.drc:1614
    Polygons (raw): 0 (flat)  0 (hierarchical)
    Elapsed: 0.030s  Memory: 11105.00M
"with_area" in: sky130A_mr.drc:1621
    Polygons (raw): 0 (flat)  0 (hierarchical)
    Elapsed: 0.270s  Memory: 11105.00M
"output" in: sky130A_mr.drc:1621
    Polygons (raw): 0 (flat)  0 (hierarchical)
    Elapsed: 0.000s  Memory: 11105.00M
"holes" in: sky130A_mr.drc:1623
    Polygons (raw): 70 (flat)  54 (hierarchical)
    Elapsed: 0.020s  Memory: 11105.00M
"with_area" in: sky130A_mr.drc:1624
    Polygons (raw): 0 (flat)  0 (hierarchical)
    Elapsed: 1.140s  Memory: 11105.00M
"output" in: sky130A_mr.drc:1625
    Polygons (raw): 0 (flat)  0 (hierarchical)
    Elapsed: 0.240s  Memory: 11105.00M
END: 72/20 (m5)
START: 76/20 (pad)
"space" in: sky130A_mr.drc:1630
    Edge pairs: 0 (flat)  0 (hierarchical)
    Elapsed: 0.270s  Memory: 11105.00M
"output" in: sky130A_mr.drc:1630
    Edge pairs: 0 (flat)  0 (hierarchical)
    Elapsed: 0.030s  Memory: 11105.00M
END: 76/20 (pad)
START: 81/10 (moduleCut)
"output" in: sky130A_mr.drc:1636
    Polygons (raw): 0 (flat)  0 (hierarchical)
    Elapsed: 0.010s  Memory: 11105.00M
END: 81/10 (moduleCut)
Writing report database: /mnt/shuttle/ci2605/fidel-omusilibwa/SenseEdge/tapeout/outputs/klayout_beol_check.xml ..
Total elapsed: 5004.020s  Memory: 8559.00M
Args:
	sram_exclude: false
	feol: false
	beol: true
	floating_met: false
	offgrid: false
	seal: 
 
Cell exclusion list:
   rule    | cell
   nwell.6 | sky130_fd_io__gpiov2_amux, sky130_fd_io__simple_pad_and_busses
 
release 2026.03.30_01.00
