minimum fom density = 42.0927%
maximum fom density = 49.2205%
================================================================================
KLAYOUT FOM DENSITY CHECK (TilingProcessor Version)
================================================================================
Started: 2026-05-29 16:43:18 +0000
Input file: /mnt/shuttle/ci2605/fidel-omusilibwa/SenseEdge/tapeout/outputs/oas/caravel_2605c0e9.oas
Top cell: caravel_2605c0e9
Parameters:
  - Min FOM density: 28.0%
  - Max FOM density: 62.0%
  - Window size: 2000.0 um x 2000.0 um
  - Step size: 200.0 um
  - Output density report: true
  - Verbose output: false
  - Debug output: false
  - XML report file: /mnt/shuttle/ci2605/fidel-omusilibwa/SenseEdge/tapeout/outputs/klayout_fom_density_2000_check.xml
Layout dimensions: 3588.07 um x 5188.0 um
================================================================================

Processing tiles with TilingProcessor...
finish received: success = true
Processing results...
calculating window step densities (= 128)...
FOM density check completed:
- Window size: 2000.0 um x 2000.0 um
- Step size: 200.0 um
- Density limits: 28.0% - 62.0%
- Measured density range: 42.09% - 49.22%
- Total tiles processed: 128
- Total violations found: 0

================================================================================
FOM DENSITY REPORT
================================================================================
Tile X      Tile Y      Width    Height   Density    Status
--------------------------------------------------------------------------------
--------------------------------------------------------------------------------
SUMMARY:
Total tiles: 128
Passing: 128 (100.0%)
Failing (low density): 0 (0.0%)
Failing (high density): 0 (0.0%)
Measured density range: 42.09% - 49.22%
PASS: Density range delta 7.13% is within allowed delta of 15.0%
================================================================================

================================================================================
GENERATING XML REPORT
================================================================================
No violations found - XML report generated with success message
================================================================================
FOM density analysis complete. Total violations: 0
