Loaded layout from: /mnt/shuttle/ci2605/fidel-omusilibwa/SenseEdge/tapeout/outputs/oas/caravel_2605c0e9.oas
Using specified top cell: caravel_2605c0e9
Analyzing cell: caravel_2605c0e9
Valid layer found: 65/20 (diff.drawing)
Valid layer found: 64/20 (nwell.drawing)
Valid layer found: 94/20 (psdm.drawing)
Valid layer found: 67/20 (li1.drawing)
Valid layer found: 66/44 (licon1.drawing)
Valid layer found: 93/44 (nsdm.drawing)
Valid layer found: 65/44 (tap.drawing)
Valid layer found: 68/20 (met1.drawing)
Valid layer found: 67/44 (mcon.drawing)
Valid layer found: 66/20 (poly.drawing)
Valid layer found: 95/20 (npc.drawing)
Valid layer found: 68/16 (met1.pin)
Valid layer found: 83/44 (text.drawing)
Valid layer found: 68/15 (met1.short)
Valid layer found: 75/20 (hvi.drawing)
Valid layer found: 66/13 (poly.res)
Valid layer found: 66/14 (poly.cut)
Valid layer found: 68/44 (via.drawing)
Valid layer found: 69/20 (met2.drawing)
Valid layer found: 81/6 (areaid.sigPadDiff)
Valid layer found: 81/8 (areaid.sigPadMetNtr)
Valid layer found: 68/5 (met1.label)
Valid layer found: 69/5 (met2.label)
Valid layer found: 69/16 (met2.pin)
Valid layer found: 64/18 (dnwell.drawing)
Valid layer found: 125/44 (lvtn.drawing)
Valid layer found: 78/44 (hvtp.drawing)
Valid layer found: 67/5 (li1.label)
Valid layer found: 67/16 (li1.pin)
Valid layer found: 69/15 (met2.short)
Valid layer found: 81/19 (areaid.esd)
Valid layer found: 71/20 (met4.drawing)
Valid layer found: 69/44 (via2.drawing)
Valid layer found: 70/20 (met3.drawing)
Valid layer found: 70/44 (via3.drawing)
Valid layer found: 64/16 (nwell.pin)
Valid layer found: 122/16 (pwell.pin)
Valid layer found: 81/4 (areaid.standardc)
Valid layer found: 64/5 (nwell.label)
Valid layer found: 64/59 (pwell.label)
Valid layer found: 67/15 (li1.short)
Valid layer found: 71/44 (via4.drawing)
Valid layer found: 66/9 (poly.gate)
Valid layer found: 72/20 (met5.drawing)
Valid layer found: 76/20 (pad.drawing)
Valid layer found: 81/20 (padCenter.drawing)
Valid layer found: 71/5 (met4.label)
Valid layer found: 71/16 (met4.pin)
Valid layer found: 72/5 (met5.label)
Valid layer found: 72/16 (met5.pin)
Valid layer found: 72/15 (met5.short)
Valid layer found: 70/5 (met3.label)
Valid layer found: 70/16 (met3.pin)
Valid layer found: 70/13 (met3.res)
Valid layer found: 81/23 (areaid.diode)
Valid layer found: 71/15 (met4.short)
Valid layer found: 70/15 (met3.short)
Valid layer found: 65/14 (diff.cut)
Valid layer found: 65/13 (diff.res)
Valid layer found: 236/0 (boundary)
Valid layer found: 66/15 (poly.short)
Valid layer found: 235/4 (prBoundary.boundary)
Valid layer found: 125/20 (hvntm.drawing)
Valid layer found: 79/20 (urpm)
Valid layer found: 97/44 (capm2.drawing)
Valid layer found: 89/44 (capm.drawing)
Valid layer found: 81/14 (areaid.lowTapDensity)
Valid layer found: 49/0 (cnpc.mask)
Valid layer found: 11/0 (cldntm.mask)
Valid layer found: 39/0 (chvntm.mask)
Valid layer found: 20/0 (ctunm.mask)
Valid layer found: 25/0 (clvtnm.mask)
Valid layer found: 48/0 (cdnm.mask)
Valid layer found: 37/0 (cpdm.mask)
Valid layer found: 67/98 (li1.fill_block)
Valid layer found: 68/98 (met1.fill_block)
Valid layer found: 69/98 (met2.fill_block)
Valid layer found: 70/98 (met3.fill_block)
Valid layer found: 71/98 (met4.fill_block)
Valid layer found: 72/98 (met5.fill_block)
Valid layer found: 65/98 (diff.fill_block)
Valid layer found: 81/53 (areaid.substrateCut)
Valid layer found: 61/20 (nsm.drawing)
Valid layer found: 81/1 (areaid.seal)
Valid layer found: 21/0 (cnwm.mask)
Valid layer found: 22/0 (cnsm.mask)
Valid layer found: 23/0 (cfom.mask)
Valid layer found: 27/0 (cntm.mask)
Valid layer found: 28/0 (cp1m.mask)
Valid layer found: 30/0 (cnsdm.mask)
Valid layer found: 32/0 (cpsdm.mask)
Valid layer found: 34/0 (cmm3.mask)
Valid layer found: 35/0 (cctm1.mask)
Valid layer found: 36/0 (cmm1.mask)
Valid layer found: 40/0 (cviam.mask)
Valid layer found: 41/0 (cmm2.mask)
Valid layer found: 43/0 (clicm1.mask)
Valid layer found: 44/0 (cviam2.mask)
Valid layer found: 46/0 (clvom.mask)
Valid layer found: 50/0 (cviam3.mask)
Valid layer found: 51/0 (cmm4.mask)
Valid layer found: 56/0 (cli1m.mask)
Valid layer found: 58/0 (cviam4.mask)
Valid layer found: 59/0 (cmm5.mask)
Valid layer found: 88/0 (conom.mask)
Valid layer found: 96/0 (crpm.mask)
Valid layer found: 97/0 (chvtpm.mask)
Valid layer found: 98/0 (chvtrm.mask)
Valid layer found: 81/51 (areaid.critCorner)
Valid layer found: 22/22 (cfom.maskDrop)
Valid layer found: 23/28 (cfom.fill)
Valid layer found: 28/28 (cp1m.fill)
Valid layer found: 56/28 (cli1m.fill)
Valid layer found: 36/28 (cmm1.fill)
Valid layer found: 41/28 (cmm2.fill)
Valid layer found: 34/28 (cmm3.fill)
Valid layer found: 51/28 (cmm4.fill)
Valid layer found: 59/28 (cmm5.fill)
Valid layer found: 81/52 (areaid.critSid)
XML markers written to: /mnt/shuttle/ci2605/fidel-omusilibwa/SenseEdge/tapeout/outputs/klayout_unknown_layers_check.xml
XML file size: 642 bytes
No undefined layers found - XML file contains zero markers
==================================================
KLayout Layer Validation Report
SKY130A PDK Layer Check
==================================================
Generated: 2026-05-29 17:05:53 +0000
Total layers with polygons: 119
Valid SKY130A layers: 119
Undefined layers: 0

✓ ALL LAYERS ARE VALID SKY130A LAYERS

==================================================
End of Report
==================================================
