2026-04-25 12:48:41 [INFO] Extracting compressed files in: /tmp/tmph3329h8i/repo
2026-04-25 12:48:41 [INFO] Project type: digital
2026-04-25 12:48:41 [INFO] GDS hash (user_project_wrapper): d3f5e4883641c275ebd2e5bbb88df364b79ae449
2026-04-25 12:48:41 [INFO] Tools: KLayout v0.29.2 | Magic v8.3.471
2026-04-25 12:48:41 [INFO] PDK: SKY130A unknown
2026-04-25 12:48:41 [INFO] Running 13 checks: [topcell_check, gpio_defines, xor, klayout_feol, klayout_beol, klayout_offgrid, klayout_met_min_ca_density, klayout_pin_label_purposes_overlapping_drawing, klayout_zeroarea, spike_check, illegal_cellname_check, lvs, oeb]
2026-04-25 12:48:41 [ERROR] Top Cell raised an exception: Stream has unknown format: /tmp/tmph3329h8i/repo/gds/user_project_wrapper.gds in Layout.read
2026-04-25 12:48:41 [INFO] GPIO defines: parsing verilog/rtl/user_defines.v
2026-04-25 12:48:42 [INFO] GPIO defines report: /tmp/tmph3329h8i/repo/precheck_results/25_APR_2026___12_48_40/outputs/reports/gpio_defines.report
2026-04-25 12:48:44 [ERROR] Top cell name user_project_wrapper not found
2026-04-25 12:48:44 [INFO] Running: klayout -b -r /usr/local/lib/python3.9/site-packages/cf_precheck/drc_scripts/sky130A_mr.drc -rd input=/tmp/tmph3329h8i/repo/gds/user_project_wrapper.gds -rd topcell=user_project_wrapper -rd report=/tmp/tmph3329h8i/repo/precheck_results/25_APR_2026___12_48_40/outputs/reports/klayout_feol_check.xml -rd thr=2 -rd feol=true
2026-04-25 12:48:46 [ERROR] klayout_feol failed (stat=1), see /tmp/tmph3329h8i/repo/precheck_results/25_APR_2026___12_48_40/logs/klayout_feol_check.log
2026-04-25 12:48:46 [INFO] Running: klayout -b -r /usr/local/lib/python3.9/site-packages/cf_precheck/drc_scripts/sky130A_mr.drc -rd input=/tmp/tmph3329h8i/repo/gds/user_project_wrapper.gds -rd topcell=user_project_wrapper -rd report=/tmp/tmph3329h8i/repo/precheck_results/25_APR_2026___12_48_40/outputs/reports/klayout_beol_check.xml -rd thr=2 -rd beol=true
2026-04-25 12:48:47 [ERROR] klayout_beol failed (stat=1), see /tmp/tmph3329h8i/repo/precheck_results/25_APR_2026___12_48_40/logs/klayout_beol_check.log
2026-04-25 12:48:47 [INFO] Running: klayout -b -r /usr/local/lib/python3.9/site-packages/cf_precheck/drc_scripts/sky130A_mr.drc -rd input=/tmp/tmph3329h8i/repo/gds/user_project_wrapper.gds -rd topcell=user_project_wrapper -rd report=/tmp/tmph3329h8i/repo/precheck_results/25_APR_2026___12_48_40/outputs/reports/klayout_offgrid_check.xml -rd thr=2 -rd offgrid=true
2026-04-25 12:48:49 [ERROR] klayout_offgrid failed (stat=1), see /tmp/tmph3329h8i/repo/precheck_results/25_APR_2026___12_48_40/logs/klayout_offgrid_check.log
2026-04-25 12:48:49 [INFO] Running: klayout -b -r /usr/local/lib/python3.9/site-packages/cf_precheck/drc_scripts/met_min_ca_density.lydrc -rd input=/tmp/tmph3329h8i/repo/gds/user_project_wrapper.gds -rd topcell=user_project_wrapper -rd report=/tmp/tmph3329h8i/repo/precheck_results/25_APR_2026___12_48_40/outputs/reports/klayout_met_min_ca_density_check.xml -rd thr=2
2026-04-25 12:48:51 [ERROR] klayout_met_min_ca_density failed (stat=1), see /tmp/tmph3329h8i/repo/precheck_results/25_APR_2026___12_48_40/logs/klayout_met_min_ca_density_check.log
2026-04-25 12:48:51 [INFO] Running: klayout -b -r /usr/local/lib/python3.9/site-packages/cf_precheck/drc_scripts/pin_label_purposes_overlapping_drawing.rb.drc -rd input=/tmp/tmph3329h8i/repo/gds/user_project_wrapper.gds -rd topcell=user_project_wrapper -rd report=/tmp/tmph3329h8i/repo/precheck_results/25_APR_2026___12_48_40/outputs/reports/klayout_pin_label_purposes_overlapping_drawing_check.xml -rd thr=2 -rd top_cell_name=user_project_wrapper
2026-04-25 12:48:53 [ERROR] klayout_pin_label_purposes_overlapping_drawing failed (stat=1), see /tmp/tmph3329h8i/repo/precheck_results/25_APR_2026___12_48_40/logs/klayout_pin_label_purposes_overlapping_drawing_check.log
2026-04-25 12:48:53 [INFO] Running: klayout -b -r /usr/local/lib/python3.9/site-packages/cf_precheck/drc_scripts/zeroarea.rb.drc -rd input=/tmp/tmph3329h8i/repo/gds/user_project_wrapper.gds -rd topcell=user_project_wrapper -rd report=/tmp/tmph3329h8i/repo/precheck_results/25_APR_2026___12_48_40/outputs/reports/klayout_zeroarea_check.xml -rd thr=2 -rd cleaned_output=/tmp/tmph3329h8i/repo/precheck_results/25_APR_2026___12_48_40/outputs/user_project_wrapper_no_zero_areas.gds
2026-04-25 12:48:54 [ERROR] klayout_zeroarea failed (stat=1), see /tmp/tmph3329h8i/repo/precheck_results/25_APR_2026___12_48_40/logs/klayout_zeroarea_check.log
2026-04-25 12:48:54 [INFO] Running: bash /usr/local/lib/python3.9/site-packages/cf_precheck/drc_scripts/gdsArea0 -V -m /tmp/tmph3329h8i/repo/precheck_results/25_APR_2026___12_48_40/outputs/reports/spike_check.xml /tmp/tmph3329h8i/repo/gds/user_project_wrapper.gds
2026-04-25 12:48:56 [ERROR] Spike check failed (stat=1), see /tmp/tmph3329h8i/repo/precheck_results/25_APR_2026___12_48_40/logs/spike_check.log
2026-04-25 12:48:56 [ERROR] Illegal Cellname raised an exception: Stream has unknown format: /tmp/tmph3329h8i/repo/gds/user_project_wrapper.gds in Layout.read
2026-04-25 12:48:56 [INFO] Loading LVS environment from /tmp/tmph3329h8i/repo/lvs/user_project_wrapper/lvs_config.json
2026-04-25 12:48:56 [INFO] EXTRACT_FLATGLOB: 
2026-04-25 12:48:56 [INFO] EXTRACT_ABSTRACT: *__fill_* *__fakediode_* *__tapvpwrvgnd_*
2026-04-25 12:48:56 [WARNING] Missing LVS configuration variable EXTRACT_CREATE_SUBCUT
2026-04-25 12:48:56 [INFO] LVS_FLATTEN: 
2026-04-25 12:48:56 [INFO] LVS_NOFLATTEN: 
2026-04-25 12:48:56 [INFO] LVS_IGNORE: 
2026-04-25 12:48:56 [INFO] LVS_SPICE_FILES: /opt/pdks/sky130A/libs.ref/sky130_fd_sc_hd/spice/sky130_ef_sc_hd__decap*.spice /opt/pdks/sky130A/libs.ref/sky130_fd_sc_hd/spice/sky130_fd_sc_hd.spice
2026-04-25 12:48:56 [INFO] LVS_VERILOG_FILES: /tmp/tmph3329h8i/repo/verilog/gl/senseedge_top.v /tmp/tmph3329h8i/repo/verilog/gl/user_project_wrapper.v
2026-04-25 12:48:56 [INFO] LAYOUT_FILE: /tmp/tmph3329h8i/repo/gds/user_project_wrapper.gds
2026-04-25 12:48:56 [INFO] Running: run_be_checks --nooeb
2026-04-25 12:48:56 [INFO] LVS output directory: /tmp/tmph3329h8i/repo/precheck_results/25_APR_2026___12_48_40
2026-04-25 12:48:59 [ERROR] LVS FAILED (stat=1), see /tmp/tmph3329h8i/repo/precheck_results/25_APR_2026___12_48_40/logs/LVS_check.log
2026-04-25 12:48:59 [INFO] Loading LVS environment from /tmp/tmph3329h8i/repo/lvs/user_project_wrapper/lvs_config.json
2026-04-25 12:48:59 [INFO] EXTRACT_FLATGLOB: 
2026-04-25 12:48:59 [INFO] EXTRACT_ABSTRACT: *__fill_* *__fakediode_* *__tapvpwrvgnd_*
2026-04-25 12:48:59 [WARNING] Missing LVS configuration variable EXTRACT_CREATE_SUBCUT
2026-04-25 12:48:59 [INFO] LVS_FLATTEN: 
2026-04-25 12:48:59 [INFO] LVS_NOFLATTEN: 
2026-04-25 12:48:59 [INFO] LVS_IGNORE: 
2026-04-25 12:48:59 [INFO] LVS_SPICE_FILES: /opt/pdks/sky130A/libs.ref/sky130_fd_sc_hd/spice/sky130_ef_sc_hd__decap*.spice /opt/pdks/sky130A/libs.ref/sky130_fd_sc_hd/spice/sky130_fd_sc_hd.spice
2026-04-25 12:48:59 [INFO] LVS_VERILOG_FILES: /tmp/tmph3329h8i/repo/verilog/gl/senseedge_top.v /tmp/tmph3329h8i/repo/verilog/gl/user_project_wrapper.v
2026-04-25 12:48:59 [INFO] LAYOUT_FILE: /tmp/tmph3329h8i/repo/gds/user_project_wrapper.gds
2026-04-25 12:48:59 [INFO] Running: run_oeb_check 
2026-04-25 12:48:59 [INFO] OEB output directory: /tmp/tmph3329h8i/repo/precheck_results/25_APR_2026___12_48_40
2026-04-25 12:49:02 [ERROR] OEB FAILED (stat=5), see /tmp/tmph3329h8i/repo/precheck_results/25_APR_2026___12_48_40/logs/OEB_check.log
